192.168.1.138 - - [06/May/2026:02:57:17 +0800] "GET /api/settings HTTP/1.1" 200 29750 "-" "Mozilla/5.0 (Windows NT 10.0; Win64; x64) AppleWebKit/537.36 (KHTML, like Gecko) Chrome/120.0.0.0 Safari/537.36"
192.168.1.123 - - [06/May/2026:08:29:51 +0800] "GET /api/settings HTTP/1.1" 200 38831 "-" "Mozilla/5.0 (iPhone; CPU iPhone OS 17_0 like Mac OS X) AppleWebKit/605.1.15 (KHTML, like Gecko) Version/17.0 Mobile/15E148 Safari/604.1"
192.168.1.122 - - [05/May/2026:23:34:50 +0800] "GET /support HTTP/1.1" 301 3681 "-" "Mozilla/5.0 (X11; Linux x86_64; rv:109.0) Gecko/20100101 Firefox/121.0"
192.168.1.144 - - [06/May/2026:10:54:21 +0800] "GET /index.html HTTP/1.1" 200 42759 "-" "Mozilla/5.0 (Macintosh; Intel Mac OS X 10_15_7) AppleWebKit/605.1.15 (KHTML, like Gecko) Version/17.0 Safari/605.1.15"
192.168.1.128 - - [06/May/2026:00:40:40 +0800] "GET /events HTTP/1.1" 200 14007 "-" "Mozilla/5.0 (X11; Linux x86_64; rv:109.0) Gecko/20100101 Firefox/121.0"
192.168.1.105 - - [06/May/2026:18:06:44 +0800] "GET /faq HTTP/1.1" 200 16955 "-" "Mozilla/5.0 (X11; Linux x86_64; rv:109.0) Gecko/20100101 Firefox/121.0"
192.168.1.111 - - [06/May/2026:11:55:39 +0800] "GET /images/logo.png HTTP/1.1" 200 23744 "-" "Mozilla/5.0 (Macintosh; Intel Mac OS X 10_15_7) AppleWebKit/605.1.15 (KHTML, like Gecko) Version/17.0 Safari/605.1.15"
192.168.1.121 - - [06/May/2026:04:39:45 +0800] "GET /press HTTP/1.1" 200 25892 "-" "Mozilla/5.0 (Windows NT 10.0; Win64; x64) AppleWebKit/537.36 (KHTML, like Gecko) Chrome/120.0.0.0 Safari/537.36"
192.168.1.104 - - [06/May/2026:06:10:00 +0800] "GET /index.html HTTP/1.1" 200 20248 "-" "Mozilla/5.0 (Windows NT 10.0; Win64; x64) AppleWebKit/537.36 (KHTML, like Gecko) Chrome/120.0.0.0 Safari/537.36"
192.168.1.115 - - [06/May/2026:09:47:31 +0800] "GET /services HTTP/1.1" 200 40334 "-" "Mozilla/5.0 (Windows NT 10.0; Win64; x64) AppleWebKit/537.36 (KHTML, like Gecko) Chrome/120.0.0.0 Safari/537.36"
192.168.1.106 - - [05/May/2026:23:41:10 +0800] "POST /careers HTTP/1.1" 200 45491 "-" "Mozilla/5.0 (Windows NT 10.0; Win64; x64) AppleWebKit/537.36 (KHTML, like Gecko) Chrome/120.0.0.0 Safari/537.36"
192.168.1.113 - - [06/May/2026:04:48:44 +0800] "GET /partners HTTP/1.1" 200 36693 "-" "Mozilla/5.0 (Macintosh; Intel Mac OS X 10_15_7) AppleWebKit/605.1.15 (KHTML, like Gecko) Version/17.0 Safari/605.1.15"
192.168.1.100 - - [05/May/2026:19:06:25 +0800] "GET /api/products HTTP/1.1" 200 36648 "-" "Mozilla/5.0 (Macintosh; Intel Mac OS X 10_15_7) AppleWebKit/605.1.15 (KHTML, like Gecko) Version/17.0 Safari/605.1.15"
192.168.1.149 - - [06/May/2026:13:47:46 +0800] "GET /css/style.css HTTP/1.1" 200 21678 "-" "Mozilla/5.0 (iPhone; CPU iPhone OS 17_0 like Mac OS X) AppleWebKit/605.1.15 (KHTML, like Gecko) Version/17.0 Mobile/15E148 Safari/604.1"
192.168.1.119 - - [05/May/2026:21:31:27 +0800] "GET /careers HTTP/1.1" 200 46612 "-" "Mozilla/5.0 (Windows NT 10.0; Win64; x64) AppleWebKit/537.36 (KHTML, like Gecko) Chrome/120.0.0.0 Safari/537.36"
192.168.1.143 - - [06/May/2026:11:59:03 +0800] "GET /blog HTTP/1.1" 200 28340 "-" "Mozilla/5.0 (Macintosh; Intel Mac OS X 10_15_7) AppleWebKit/605.1.15 (KHTML, like Gecko) Version/17.0 Safari/605.1.15"
192.168.1.137 - - [06/May/2026:12:26:55 +0800] "GET /news HTTP/1.1" 200 1840 "-" "Mozilla/5.0 (X11; Linux x86_64; rv:109.0) Gecko/20100101 Firefox/121.0"
192.168.1.106 - - [05/May/2026:21:22:00 +0800] "GET /news HTTP/1.1" 200 15893 "-" "Mozilla/5.0 (X11; Linux x86_64; rv:109.0) Gecko/20100101 Firefox/121.0"
192.168.1.136 - - [06/May/2026:15:26:05 +0800] "GET /js/app.js HTTP/1.1" 200 15153 "-" "Mozilla/5.0 (X11; Linux x86_64; rv:109.0) Gecko/20100101 Firefox/121.0"
192.168.1.119 - - [06/May/2026:08:04:06 +0800] "GET /gallery HTTP/1.1" 200 30285 "-" "Mozilla/5.0 (iPhone; CPU iPhone OS 17_0 like Mac OS X) AppleWebKit/605.1.15 (KHTML, like Gecko) Version/17.0 Mobile/15E148 Safari/604.1"
192.168.1.126 - - [05/May/2026:18:59:20 +0800] "GET /api/users HTTP/1.1" 200 14157 "-" "Mozilla/5.0 (Macintosh; Intel Mac OS X 10_15_7) AppleWebKit/605.1.15 (KHTML, like Gecko) Version/17.0 Safari/605.1.15"
192.168.1.132 - - [05/May/2026:20:39:25 +0800] "GET /resources HTTP/1.1" 200 10913 "-" "Mozilla/5.0 (iPhone; CPU iPhone OS 17_0 like Mac OS X) AppleWebKit/605.1.15 (KHTML, like Gecko) Version/17.0 Mobile/15E148 Safari/604.1"
192.168.1.128 - - [05/May/2026:18:20:08 +0800] "GET /news HTTP/1.1" 200 24987 "-" "Mozilla/5.0 (Macintosh; Intel Mac OS X 10_15_7) AppleWebKit/605.1.15 (KHTML, like Gecko) Version/17.0 Safari/605.1.15"
192.168.1.123 - - [06/May/2026:00:31:41 +0800] "GET /api/users HTTP/1.1" 304 18880 "-" "Mozilla/5.0 (Macintosh; Intel Mac OS X 10_15_7) AppleWebKit/605.1.15 (KHTML, like Gecko) Version/17.0 Safari/605.1.15"
192.168.1.100 - - [06/May/2026:11:17:18 +0800] "GET /news HTTP/1.1" 200 11299 "-" "Mozilla/5.0 (Macintosh; Intel Mac OS X 10_15_7) AppleWebKit/605.1.15 (KHTML, like Gecko) Version/17.0 Safari/605.1.15"
192.168.1.102 - - [05/May/2026:19:34:54 +0800] "GET /about.html HTTP/1.1" 200 38059 "-" "Mozilla/5.0 (X11; Linux x86_64; rv:109.0) Gecko/20100101 Firefox/121.0"
192.168.1.148 - - [05/May/2026:22:43:48 +0800] "GET /news HTTP/1.1" 200 23704 "-" "Mozilla/5.0 (iPhone; CPU iPhone OS 17_0 like Mac OS X) AppleWebKit/605.1.15 (KHTML, like Gecko) Version/17.0 Mobile/15E148 Safari/604.1"
192.168.1.118 - - [06/May/2026:06:16:48 +0800] "GET /partners HTTP/1.1" 200 41319 "-" "Mozilla/5.0 (X11; Linux x86_64; rv:109.0) Gecko/20100101 Firefox/121.0"
192.168.1.118 - - [05/May/2026:23:32:45 +0800] "GET /resources HTTP/1.1" 200 30688 "-" "Mozilla/5.0 (Macintosh; Intel Mac OS X 10_15_7) AppleWebKit/605.1.15 (KHTML, like Gecko) Version/17.0 Safari/605.1.15"
192.168.1.121 - - [06/May/2026:09:20:59 +0800] "POST /press HTTP/1.1" 200 46900 "-" "Mozilla/5.0 (iPhone; CPU iPhone OS 17_0 like Mac OS X) AppleWebKit/605.1.15 (KHTML, like Gecko) Version/17.0 Mobile/15E148 Safari/604.1"
192.168.1.138 - - [05/May/2026:23:16:19 +0800] "POST /resources HTTP/1.1" 200 30265 "-" "Mozilla/5.0 (X11; Linux x86_64; rv:109.0) Gecko/20100101 Firefox/121.0"
192.168.1.117 - - [06/May/2026:13:37:54 +0800] "POST /news HTTP/1.1" 200 27609 "-" "Mozilla/5.0 (Macintosh; Intel Mac OS X 10_15_7) AppleWebKit/605.1.15 (KHTML, like Gecko) Version/17.0 Safari/605.1.15"
192.168.1.102 - - [05/May/2026:18:49:47 +0800] "GET /faq HTTP/1.1" 200 27320 "-" "Mozilla/5.0 (X11; Linux x86_64; rv:109.0) Gecko/20100101 Firefox/121.0"
192.168.1.144 - - [06/May/2026:05:04:57 +0800] "GET /js/app.js HTTP/1.1" 404 20310 "-" "Mozilla/5.0 (Windows NT 10.0; Win64; x64) AppleWebKit/537.36 (KHTML, like Gecko) Chrome/120.0.0.0 Safari/537.36"
192.168.1.141 - - [06/May/2026:00:31:08 +0800] "GET /favicon.ico HTTP/1.1" 200 26751 "-" "Mozilla/5.0 (iPhone; CPU iPhone OS 17_0 like Mac OS X) AppleWebKit/605.1.15 (KHTML, like Gecko) Version/17.0 Mobile/15E148 Safari/604.1"
192.168.1.116 - - [05/May/2026:22:50:55 +0800] "POST /careers HTTP/1.1" 200 3335 "-" "Mozilla/5.0 (iPhone; CPU iPhone OS 17_0 like Mac OS X) AppleWebKit/605.1.15 (KHTML, like Gecko) Version/17.0 Mobile/15E148 Safari/604.1"
192.168.1.127 - - [05/May/2026:20:36:15 +0800] "POST /products HTTP/1.1" 200 19529 "-" "Mozilla/5.0 (X11; Linux x86_64; rv:109.0) Gecko/20100101 Firefox/121.0"
192.168.1.116 - - [06/May/2026:08:13:15 +0800] "GET /partners HTTP/1.1" 404 32440 "-" "Mozilla/5.0 (Macintosh; Intel Mac OS X 10_15_7) AppleWebKit/605.1.15 (KHTML, like Gecko) Version/17.0 Safari/605.1.15"
192.168.1.100 - - [06/May/2026:04:54:22 +0800] "GET /images/logo.png HTTP/1.1" 200 25024 "-" "Mozilla/5.0 (Windows NT 10.0; Win64; x64) AppleWebKit/537.36 (KHTML, like Gecko) Chrome/120.0.0.0 Safari/537.36"
192.168.1.123 - - [06/May/2026:03:58:57 +0800] "GET /about.html HTTP/1.1" 200 1640 "-" "Mozilla/5.0 (X11; Linux x86_64; rv:109.0) Gecko/20100101 Firefox/121.0"
192.168.1.113 - - [06/May/2026:09:54:13 +0800] "GET /css/style.css HTTP/1.1" 200 43360 "-" "Mozilla/5.0 (iPhone; CPU iPhone OS 17_0 like Mac OS X) AppleWebKit/605.1.15 (KHTML, like Gecko) Version/17.0 Mobile/15E148 Safari/604.1"
192.168.1.130 - - [05/May/2026:23:40:15 +0800] "GET /index.html HTTP/1.1" 200 39135 "-" "Mozilla/5.0 (Macintosh; Intel Mac OS X 10_15_7) AppleWebKit/605.1.15 (KHTML, like Gecko) Version/17.0 Safari/605.1.15"
192.168.1.117 - - [06/May/2026:15:45:16 +0800] "GET /careers HTTP/1.1" 200 24723 "-" "Mozilla/5.0 (Windows NT 10.0; Win64; x64) AppleWebKit/537.36 (KHTML, like Gecko) Chrome/120.0.0.0 Safari/537.36"
192.168.1.117 - - [05/May/2026:18:32:12 +0800] "GET /docs/api HTTP/1.1" 200 7641 "-" "Mozilla/5.0 (Windows NT 10.0; Win64; x64) AppleWebKit/537.36 (KHTML, like Gecko) Chrome/120.0.0.0 Safari/537.36"
192.168.1.100 - - [06/May/2026:13:10:10 +0800] "GET /favicon.ico HTTP/1.1" 200 22880 "-" "Mozilla/5.0 (Windows NT 10.0; Win64; x64) AppleWebKit/537.36 (KHTML, like Gecko) Chrome/120.0.0.0 Safari/537.36"
192.168.1.104 - - [05/May/2026:18:51:13 +0800] "GET /gallery HTTP/1.1" 200 5526 "-" "Mozilla/5.0 (Macintosh; Intel Mac OS X 10_15_7) AppleWebKit/605.1.15 (KHTML, like Gecko) Version/17.0 Safari/605.1.15"
192.168.1.143 - - [06/May/2026:09:36:29 +0800] "POST /news HTTP/1.1" 200 48485 "-" "Mozilla/5.0 (iPhone; CPU iPhone OS 17_0 like Mac OS X) AppleWebKit/605.1.15 (KHTML, like Gecko) Version/17.0 Mobile/15E148 Safari/604.1"
192.168.1.113 - - [06/May/2026:03:02:49 +0800] "GET /downloads HTTP/1.1" 200 48063 "-" "Mozilla/5.0 (Macintosh; Intel Mac OS X 10_15_7) AppleWebKit/605.1.15 (KHTML, like Gecko) Version/17.0 Safari/605.1.15"
192.168.1.104 - - [06/May/2026:05:33:12 +0800] "POST /terms HTTP/1.1" 200 37946 "-" "Mozilla/5.0 (Macintosh; Intel Mac OS X 10_15_7) AppleWebKit/605.1.15 (KHTML, like Gecko) Version/17.0 Safari/605.1.15"
192.168.1.110 - - [06/May/2026:12:18:10 +0800] "GET /docs/api HTTP/1.1" 200 21287 "-" "Mozilla/5.0 (Windows NT 10.0; Win64; x64) AppleWebKit/537.36 (KHTML, like Gecko) Chrome/120.0.0.0 Safari/537.36"
192.168.1.148 - - [06/May/2026:03:47:48 +0800] "GET /faq HTTP/1.1" 200 43140 "-" "Mozilla/5.0 (iPhone; CPU iPhone OS 17_0 like Mac OS X) AppleWebKit/605.1.15 (KHTML, like Gecko) Version/17.0 Mobile/15E148 Safari/604.1"
192.168.1.142 - - [05/May/2026:23:08:53 +0800] "GET /products HTTP/1.1" 200 9020 "-" "Mozilla/5.0 (iPhone; CPU iPhone OS 17_0 like Mac OS X) AppleWebKit/605.1.15 (KHTML, like Gecko) Version/17.0 Mobile/15E148 Safari/604.1"
192.168.1.120 - - [06/May/2026:04:35:21 +0800] "GET /events HTTP/1.1" 200 2982 "-" "Mozilla/5.0 (iPhone; CPU iPhone OS 17_0 like Mac OS X) AppleWebKit/605.1.15 (KHTML, like Gecko) Version/17.0 Mobile/15E148 Safari/604.1"
192.168.1.125 - - [05/May/2026:19:36:46 +0800] "GET /css/style.css HTTP/1.1" 200 20085 "-" "Mozilla/5.0 (X11; Linux x86_64; rv:109.0) Gecko/20100101 Firefox/121.0"
192.168.1.137 - - [06/May/2026:12:41:38 +0800] "GET /js/app.js HTTP/1.1" 200 27357 "-" "Mozilla/5.0 (iPhone; CPU iPhone OS 17_0 like Mac OS X) AppleWebKit/605.1.15 (KHTML, like Gecko) Version/17.0 Mobile/15E148 Safari/604.1"
192.168.1.126 - - [06/May/2026:06:11:01 +0800] "GET /about.html HTTP/1.1" 200 10817 "-" "Mozilla/5.0 (Macintosh; Intel Mac OS X 10_15_7) AppleWebKit/605.1.15 (KHTML, like Gecko) Version/17.0 Safari/605.1.15"
192.168.1.142 - - [06/May/2026:00:50:22 +0800] "GET /events HTTP/1.1" 200 7752 "-" "Mozilla/5.0 (Macintosh; Intel Mac OS X 10_15_7) AppleWebKit/605.1.15 (KHTML, like Gecko) Version/17.0 Safari/605.1.15"
192.168.1.123 - - [05/May/2026:22:47:50 +0800] "GET /api/users HTTP/1.1" 200 42272 "-" "Mozilla/5.0 (X11; Linux x86_64; rv:109.0) Gecko/20100101 Firefox/121.0"
192.168.1.123 - - [06/May/2026:17:13:45 +0800] "GET /blog HTTP/1.1" 200 3852 "-" "Mozilla/5.0 (Windows NT 10.0; Win64; x64) AppleWebKit/537.36 (KHTML, like Gecko) Chrome/120.0.0.0 Safari/537.36"
192.168.1.131 - - [06/May/2026:14:48:41 +0800] "GET /support HTTP/1.1" 200 1682 "-" "Mozilla/5.0 (X11; Linux x86_64; rv:109.0) Gecko/20100101 Firefox/121.0"
192.168.1.128 - - [06/May/2026:05:06:02 +0800] "GET /help HTTP/1.1" 200 38386 "-" "Mozilla/5.0 (iPhone; CPU iPhone OS 17_0 like Mac OS X) AppleWebKit/605.1.15 (KHTML, like Gecko) Version/17.0 Mobile/15E148 Safari/604.1"
192.168.1.109 - - [06/May/2026:13:37:33 +0800] "GET /gallery HTTP/1.1" 200 22074 "-" "Mozilla/5.0 (iPhone; CPU iPhone OS 17_0 like Mac OS X) AppleWebKit/605.1.15 (KHTML, like Gecko) Version/17.0 Mobile/15E148 Safari/604.1"
192.168.1.126 - - [06/May/2026:09:40:58 +0800] "GET /contact HTTP/1.1" 200 25328 "-" "Mozilla/5.0 (iPhone; CPU iPhone OS 17_0 like Mac OS X) AppleWebKit/605.1.15 (KHTML, like Gecko) Version/17.0 Mobile/15E148 Safari/604.1"
192.168.1.144 - - [06/May/2026:16:38:36 +0800] "GET /api/orders HTTP/1.1" 200 39940 "-" "Mozilla/5.0 (iPhone; CPU iPhone OS 17_0 like Mac OS X) AppleWebKit/605.1.15 (KHTML, like Gecko) Version/17.0 Mobile/15E148 Safari/604.1"
192.168.1.120 - - [06/May/2026:17:37:20 +0800] "GET /api/products HTTP/1.1" 200 7196 "-" "Mozilla/5.0 (iPhone; CPU iPhone OS 17_0 like Mac OS X) AppleWebKit/605.1.15 (KHTML, like Gecko) Version/17.0 Mobile/15E148 Safari/604.1"
192.168.1.142 - - [06/May/2026:13:16:01 +0800] "GET /partners HTTP/1.1" 200 12289 "-" "Mozilla/5.0 (iPhone; CPU iPhone OS 17_0 like Mac OS X) AppleWebKit/605.1.15 (KHTML, like Gecko) Version/17.0 Mobile/15E148 Safari/604.1"
192.168.1.145 - - [06/May/2026:03:07:03 +0800] "POST /index.html HTTP/1.1" 200 32938 "-" "Mozilla/5.0 (X11; Linux x86_64; rv:109.0) Gecko/20100101 Firefox/121.0"
192.168.1.115 - - [06/May/2026:16:54:51 +0800] "GET /favicon.ico HTTP/1.1" 200 48830 "-" "Mozilla/5.0 (X11; Linux x86_64; rv:109.0) Gecko/20100101 Firefox/121.0"
192.168.1.120 - - [05/May/2026:19:16:44 +0800] "GET /js/app.js HTTP/1.1" 200 3350 "-" "Mozilla/5.0 (Macintosh; Intel Mac OS X 10_15_7) AppleWebKit/605.1.15 (KHTML, like Gecko) Version/17.0 Safari/605.1.15"
192.168.1.108 - - [06/May/2026:11:46:30 +0800] "GET /about.html HTTP/1.1" 200 44681 "-" "Mozilla/5.0 (Macintosh; Intel Mac OS X 10_15_7) AppleWebKit/605.1.15 (KHTML, like Gecko) Version/17.0 Safari/605.1.15"
192.168.1.141 - - [05/May/2026:20:01:13 +0800] "GET /partners HTTP/1.1" 200 25086 "-" "Mozilla/5.0 (Macintosh; Intel Mac OS X 10_15_7) AppleWebKit/605.1.15 (KHTML, like Gecko) Version/17.0 Safari/605.1.15"
192.168.1.134 - - [06/May/2026:01:22:20 +0800] "GET /api/settings HTTP/1.1" 200 32882 "-" "Mozilla/5.0 (X11; Linux x86_64; rv:109.0) Gecko/20100101 Firefox/121.0"
192.168.1.123 - - [06/May/2026:16:41:44 +0800] "GET /press HTTP/1.1" 200 20365 "-" "Mozilla/5.0 (Macintosh; Intel Mac OS X 10_15_7) AppleWebKit/605.1.15 (KHTML, like Gecko) Version/17.0 Safari/605.1.15"
192.168.1.134 - - [06/May/2026:13:28:59 +0800] "GET /index.html HTTP/1.1" 200 6215 "-" "Mozilla/5.0 (Macintosh; Intel Mac OS X 10_15_7) AppleWebKit/605.1.15 (KHTML, like Gecko) Version/17.0 Safari/605.1.15"
192.168.1.100 - - [05/May/2026:20:12:42 +0800] "GET /api/orders HTTP/1.1" 200 1224 "-" "Mozilla/5.0 (Windows NT 10.0; Win64; x64) AppleWebKit/537.36 (KHTML, like Gecko) Chrome/120.0.0.0 Safari/537.36"
192.168.1.145 - - [06/May/2026:09:55:20 +0800] "GET /js/app.js HTTP/1.1" 200 21838 "-" "Mozilla/5.0 (iPhone; CPU iPhone OS 17_0 like Mac OS X) AppleWebKit/605.1.15 (KHTML, like Gecko) Version/17.0 Mobile/15E148 Safari/604.1"
192.168.1.137 - - [06/May/2026:07:08:42 +0800] "GET /resources HTTP/1.1" 200 38527 "-" "Mozilla/5.0 (iPhone; CPU iPhone OS 17_0 like Mac OS X) AppleWebKit/605.1.15 (KHTML, like Gecko) Version/17.0 Mobile/15E148 Safari/604.1"
192.168.1.148 - - [06/May/2026:08:32:26 +0800] "GET /support HTTP/1.1" 200 15272 "-" "Mozilla/5.0 (X11; Linux x86_64; rv:109.0) Gecko/20100101 Firefox/121.0"
192.168.1.141 - - [06/May/2026:12:16:58 +0800] "GET /blog HTTP/1.1" 200 8951 "-" "Mozilla/5.0 (X11; Linux x86_64; rv:109.0) Gecko/20100101 Firefox/121.0"
192.168.1.127 - - [06/May/2026:01:12:23 +0800] "GET /favicon.ico HTTP/1.1" 200 23937 "-" "Mozilla/5.0 (X11; Linux x86_64; rv:109.0) Gecko/20100101 Firefox/121.0"
192.168.1.116 - - [06/May/2026:07:45:01 +0800] "GET /css/style.css HTTP/1.1" 200 41886 "-" "Mozilla/5.0 (Windows NT 10.0; Win64; x64) AppleWebKit/537.36 (KHTML, like Gecko) Chrome/120.0.0.0 Safari/537.36"
192.168.1.127 - - [06/May/2026:07:30:32 +0800] "GET /docs/api HTTP/1.1" 200 1382 "-" "Mozilla/5.0 (Windows NT 10.0; Win64; x64) AppleWebKit/537.36 (KHTML, like Gecko) Chrome/120.0.0.0 Safari/537.36"
192.168.1.125 - - [06/May/2026:08:07:27 +0800] "GET /contact HTTP/1.1" 200 25926 "-" "Mozilla/5.0 (Macintosh; Intel Mac OS X 10_15_7) AppleWebKit/605.1.15 (KHTML, like Gecko) Version/17.0 Safari/605.1.15"
192.168.1.149 - - [06/May/2026:15:17:29 +0800] "GET /blog HTTP/1.1" 200 37361 "-" "Mozilla/5.0 (Windows NT 10.0; Win64; x64) AppleWebKit/537.36 (KHTML, like Gecko) Chrome/120.0.0.0 Safari/537.36"
192.168.1.146 - - [06/May/2026:13:05:08 +0800] "GET /services HTTP/1.1" 200 41737 "-" "Mozilla/5.0 (Macintosh; Intel Mac OS X 10_15_7) AppleWebKit/605.1.15 (KHTML, like Gecko) Version/17.0 Safari/605.1.15"
192.168.1.124 - - [06/May/2026:14:42:17 +0800] "GET /partners HTTP/1.1" 200 15966 "-" "Mozilla/5.0 (Macintosh; Intel Mac OS X 10_15_7) AppleWebKit/605.1.15 (KHTML, like Gecko) Version/17.0 Safari/605.1.15"
192.168.1.110 - - [06/May/2026:02:36:33 +0800] "GET /resources HTTP/1.1" 200 44674 "-" "Mozilla/5.0 (Windows NT 10.0; Win64; x64) AppleWebKit/537.36 (KHTML, like Gecko) Chrome/120.0.0.0 Safari/537.36"
192.168.1.119 - - [05/May/2026:18:11:51 +0800] "GET /images/logo.png HTTP/1.1" 200 17312 "-" "Mozilla/5.0 (Windows NT 10.0; Win64; x64) AppleWebKit/537.36 (KHTML, like Gecko) Chrome/120.0.0.0 Safari/537.36"
192.168.1.130 - - [06/May/2026:18:05:42 +0800] "GET /events HTTP/1.1" 200 8897 "-" "Mozilla/5.0 (Windows NT 10.0; Win64; x64) AppleWebKit/537.36 (KHTML, like Gecko) Chrome/120.0.0.0 Safari/537.36"
192.168.1.109 - - [06/May/2026:02:42:03 +0800] "GET /css/style.css HTTP/1.1" 200 47590 "-" "Mozilla/5.0 (X11; Linux x86_64; rv:109.0) Gecko/20100101 Firefox/121.0"
192.168.1.132 - - [06/May/2026:04:18:41 +0800] "GET /gallery HTTP/1.1" 200 7969 "-" "Mozilla/5.0 (iPhone; CPU iPhone OS 17_0 like Mac OS X) AppleWebKit/605.1.15 (KHTML, like Gecko) Version/17.0 Mobile/15E148 Safari/604.1"
192.168.1.102 - - [06/May/2026:17:06:41 +0800] "GET /terms HTTP/1.1" 200 44267 "-" "Mozilla/5.0 (iPhone; CPU iPhone OS 17_0 like Mac OS X) AppleWebKit/605.1.15 (KHTML, like Gecko) Version/17.0 Mobile/15E148 Safari/604.1"
192.168.1.140 - - [05/May/2026:20:52:20 +0800] "GET /api/orders HTTP/1.1" 200 1482 "-" "Mozilla/5.0 (Windows NT 10.0; Win64; x64) AppleWebKit/537.36 (KHTML, like Gecko) Chrome/120.0.0.0 Safari/537.36"
192.168.1.109 - - [06/May/2026:17:35:37 +0800] "GET /press HTTP/1.1" 200 26684 "-" "Mozilla/5.0 (Macintosh; Intel Mac OS X 10_15_7) AppleWebKit/605.1.15 (KHTML, like Gecko) Version/17.0 Safari/605.1.15"
192.168.1.117 - - [06/May/2026:11:09:30 +0800] "GET /contact HTTP/1.1" 200 9632 "-" "Mozilla/5.0 (Windows NT 10.0; Win64; x64) AppleWebKit/537.36 (KHTML, like Gecko) Chrome/120.0.0.0 Safari/537.36"
192.168.1.116 - - [06/May/2026:02:36:59 +0800] "GET /terms HTTP/1.1" 200 32429 "-" "Mozilla/5.0 (iPhone; CPU iPhone OS 17_0 like Mac OS X) AppleWebKit/605.1.15 (KHTML, like Gecko) Version/17.0 Mobile/15E148 Safari/604.1"
192.168.1.140 - - [05/May/2026:21:18:48 +0800] "GET /api/users HTTP/1.1" 200 11895 "-" "Mozilla/5.0 (X11; Linux x86_64; rv:109.0) Gecko/20100101 Firefox/121.0"
192.168.1.132 - - [05/May/2026:21:49:24 +0800] "GET /gallery HTTP/1.1" 200 46384 "-" "Mozilla/5.0 (Windows NT 10.0; Win64; x64) AppleWebKit/537.36 (KHTML, like Gecko) Chrome/120.0.0.0 Safari/537.36"
192.168.1.136 - - [06/May/2026:04:27:27 +0800] "POST /news HTTP/1.1" 200 18802 "-" "Mozilla/5.0 (Macintosh; Intel Mac OS X 10_15_7) AppleWebKit/605.1.15 (KHTML, like Gecko) Version/17.0 Safari/605.1.15"
192.168.1.113 - - [06/May/2026:13:53:55 +0800] "GET /api/settings HTTP/1.1" 200 24401 "-" "Mozilla/5.0 (Windows NT 10.0; Win64; x64) AppleWebKit/537.36 (KHTML, like Gecko) Chrome/120.0.0.0 Safari/537.36"
192.168.1.110 - - [06/May/2026:03:17:38 +0800] "POST /css/style.css HTTP/1.1" 200 35659 "-" "Mozilla/5.0 (Macintosh; Intel Mac OS X 10_15_7) AppleWebKit/605.1.15 (KHTML, like Gecko) Version/17.0 Safari/605.1.15"
192.168.1.105 - - [06/May/2026:04:37:43 +0800] "GET /api/products HTTP/1.1" 200 8179 "-" "Mozilla/5.0 (Macintosh; Intel Mac OS X 10_15_7) AppleWebKit/605.1.15 (KHTML, like Gecko) Version/17.0 Safari/605.1.15"
192.168.1.100 - - [06/May/2026:12:21:14 +0800] "GET /api/settings HTTP/1.1" 200 42644 "-" "Mozilla/5.0 (iPhone; CPU iPhone OS 17_0 like Mac OS X) AppleWebKit/605.1.15 (KHTML, like Gecko) Version/17.0 Mobile/15E148 Safari/604.1"
192.168.1.136 - - [06/May/2026:00:52:00 +0800] "GET /terms HTTP/1.1" 200 31680 "-" "Mozilla/5.0 (Windows NT 10.0; Win64; x64) AppleWebKit/537.36 (KHTML, like Gecko) Chrome/120.0.0.0 Safari/537.36"
192.168.1.116 - - [06/May/2026:08:16:15 +0800] "POST /faq HTTP/1.1" 200 22284 "-" "Mozilla/5.0 (Windows NT 10.0; Win64; x64) AppleWebKit/537.36 (KHTML, like Gecko) Chrome/120.0.0.0 Safari/537.36"
192.168.1.128 - - [05/May/2026:21:39:04 +0800] "GET /images/logo.png HTTP/1.1" 200 20077 "-" "Mozilla/5.0 (iPhone; CPU iPhone OS 17_0 like Mac OS X) AppleWebKit/605.1.15 (KHTML, like Gecko) Version/17.0 Mobile/15E148 Safari/604.1"
192.168.1.134 - - [06/May/2026:16:48:00 +0800] "GET /favicon.ico HTTP/1.1" 301 41896 "-" "Mozilla/5.0 (X11; Linux x86_64; rv:109.0) Gecko/20100101 Firefox/121.0"
192.168.1.103 - - [06/May/2026:15:57:40 +0800] "GET /contact HTTP/1.1" 200 21646 "-" "Mozilla/5.0 (Windows NT 10.0; Win64; x64) AppleWebKit/537.36 (KHTML, like Gecko) Chrome/120.0.0.0 Safari/537.36"
192.168.1.101 - - [05/May/2026:22:01:00 +0800] "GET /api/orders HTTP/1.1" 200 16230 "-" "Mozilla/5.0 (Windows NT 10.0; Win64; x64) AppleWebKit/537.36 (KHTML, like Gecko) Chrome/120.0.0.0 Safari/537.36"
192.168.1.127 - - [06/May/2026:17:46:13 +0800] "GET /careers HTTP/1.1" 200 12345 "-" "Mozilla/5.0 (Macintosh; Intel Mac OS X 10_15_7) AppleWebKit/605.1.15 (KHTML, like Gecko) Version/17.0 Safari/605.1.15"
192.168.1.104 - - [06/May/2026:03:29:01 +0800] "POST /gallery HTTP/1.1" 200 27837 "-" "Mozilla/5.0 (iPhone; CPU iPhone OS 17_0 like Mac OS X) AppleWebKit/605.1.15 (KHTML, like Gecko) Version/17.0 Mobile/15E148 Safari/604.1"
192.168.1.123 - - [05/May/2026:19:30:24 +0800] "GET /help HTTP/1.1" 200 44303 "-" "Mozilla/5.0 (Macintosh; Intel Mac OS X 10_15_7) AppleWebKit/605.1.15 (KHTML, like Gecko) Version/17.0 Safari/605.1.15"
192.168.1.101 - - [06/May/2026:07:18:42 +0800] "GET /docs/api HTTP/1.1" 200 25886 "-" "Mozilla/5.0 (X11; Linux x86_64; rv:109.0) Gecko/20100101 Firefox/121.0"
192.168.1.103 - - [06/May/2026:10:15:12 +0800] "GET /products HTTP/1.1" 200 33708 "-" "Mozilla/5.0 (Macintosh; Intel Mac OS X 10_15_7) AppleWebKit/605.1.15 (KHTML, like Gecko) Version/17.0 Safari/605.1.15"
192.168.1.147 - - [06/May/2026:07:36:30 +0800] "GET /services HTTP/1.1" 200 28897 "-" "Mozilla/5.0 (X11; Linux x86_64; rv:109.0) Gecko/20100101 Firefox/121.0"
192.168.1.129 - - [05/May/2026:18:35:17 +0800] "GET /events HTTP/1.1" 200 37603 "-" "Mozilla/5.0 (X11; Linux x86_64; rv:109.0) Gecko/20100101 Firefox/121.0"
192.168.1.144 - - [06/May/2026:06:06:44 +0800] "GET /gallery HTTP/1.1" 200 32915 "-" "Mozilla/5.0 (Windows NT 10.0; Win64; x64) AppleWebKit/537.36 (KHTML, like Gecko) Chrome/120.0.0.0 Safari/537.36"
192.168.1.119 - - [05/May/2026:21:44:04 +0800] "GET /press HTTP/1.1" 200 47174 "-" "Mozilla/5.0 (Macintosh; Intel Mac OS X 10_15_7) AppleWebKit/605.1.15 (KHTML, like Gecko) Version/17.0 Safari/605.1.15"
192.168.1.145 - - [06/May/2026:09:00:26 +0800] "GET /terms HTTP/1.1" 200 16607 "-" "Mozilla/5.0 (Macintosh; Intel Mac OS X 10_15_7) AppleWebKit/605.1.15 (KHTML, like Gecko) Version/17.0 Safari/605.1.15"
192.168.1.129 - - [06/May/2026:00:21:51 +0800] "GET /faq HTTP/1.1" 200 42478 "-" "Mozilla/5.0 (Macintosh; Intel Mac OS X 10_15_7) AppleWebKit/605.1.15 (KHTML, like Gecko) Version/17.0 Safari/605.1.15"
192.168.1.122 - - [05/May/2026:22:13:33 +0800] "GET /api/orders HTTP/1.1" 200 5875 "-" "Mozilla/5.0 (iPhone; CPU iPhone OS 17_0 like Mac OS X) AppleWebKit/605.1.15 (KHTML, like Gecko) Version/17.0 Mobile/15E148 Safari/604.1"
192.168.1.144 - - [06/May/2026:01:18:41 +0800] "GET /favicon.ico HTTP/1.1" 200 27355 "-" "Mozilla/5.0 (Windows NT 10.0; Win64; x64) AppleWebKit/537.36 (KHTML, like Gecko) Chrome/120.0.0.0 Safari/537.36"
192.168.1.145 - - [06/May/2026:07:40:12 +0800] "GET /resources HTTP/1.1" 200 32981 "-" "Mozilla/5.0 (Windows NT 10.0; Win64; x64) AppleWebKit/537.36 (KHTML, like Gecko) Chrome/120.0.0.0 Safari/537.36"
192.168.1.148 - - [06/May/2026:09:15:17 +0800] "GET /resources HTTP/1.1" 200 27003 "-" "Mozilla/5.0 (iPhone; CPU iPhone OS 17_0 like Mac OS X) AppleWebKit/605.1.15 (KHTML, like Gecko) Version/17.0 Mobile/15E148 Safari/604.1"
192.168.1.143 - - [06/May/2026:02:44:28 +0800] "GET /help HTTP/1.1" 200 21796 "-" "Mozilla/5.0 (iPhone; CPU iPhone OS 17_0 like Mac OS X) AppleWebKit/605.1.15 (KHTML, like Gecko) Version/17.0 Mobile/15E148 Safari/604.1"
192.168.1.120 - - [06/May/2026:10:23:55 +0800] "GET /support HTTP/1.1" 200 43700 "-" "Mozilla/5.0 (iPhone; CPU iPhone OS 17_0 like Mac OS X) AppleWebKit/605.1.15 (KHTML, like Gecko) Version/17.0 Mobile/15E148 Safari/604.1"
192.168.1.129 - - [06/May/2026:09:34:42 +0800] "GET /faq HTTP/1.1" 200 10958 "-" "Mozilla/5.0 (X11; Linux x86_64; rv:109.0) Gecko/20100101 Firefox/121.0"
192.168.1.134 - - [06/May/2026:15:30:24 +0800] "GET /press HTTP/1.1" 200 9635 "-" "Mozilla/5.0 (Macintosh; Intel Mac OS X 10_15_7) AppleWebKit/605.1.15 (KHTML, like Gecko) Version/17.0 Safari/605.1.15"
192.168.1.110 - - [05/May/2026:23:00:26 +0800] "POST /resources HTTP/1.1" 200 22926 "-" "Mozilla/5.0 (X11; Linux x86_64; rv:109.0) Gecko/20100101 Firefox/121.0"
192.168.1.141 - - [06/May/2026:05:11:27 +0800] "GET /press HTTP/1.1" 200 16213 "-" "Mozilla/5.0 (Macintosh; Intel Mac OS X 10_15_7) AppleWebKit/605.1.15 (KHTML, like Gecko) Version/17.0 Safari/605.1.15"
192.168.1.146 - - [05/May/2026:20:36:57 +0800] "GET /help HTTP/1.1" 200 3540 "-" "Mozilla/5.0 (X11; Linux x86_64; rv:109.0) Gecko/20100101 Firefox/121.0"
192.168.1.107 - - [05/May/2026:22:42:24 +0800] "POST /css/style.css HTTP/1.1" 200 45864 "-" "Mozilla/5.0 (X11; Linux x86_64; rv:109.0) Gecko/20100101 Firefox/121.0"
192.168.1.141 - - [05/May/2026:23:06:03 +0800] "GET /docs/api HTTP/1.1" 200 42664 "-" "Mozilla/5.0 (iPhone; CPU iPhone OS 17_0 like Mac OS X) AppleWebKit/605.1.15 (KHTML, like Gecko) Version/17.0 Mobile/15E148 Safari/604.1"
192.168.1.101 - - [06/May/2026:12:55:32 +0800] "GET /docs/api HTTP/1.1" 200 2792 "-" "Mozilla/5.0 (iPhone; CPU iPhone OS 17_0 like Mac OS X) AppleWebKit/605.1.15 (KHTML, like Gecko) Version/17.0 Mobile/15E148 Safari/604.1"
192.168.1.127 - - [06/May/2026:07:28:45 +0800] "GET /services HTTP/1.1" 200 47852 "-" "Mozilla/5.0 (Macintosh; Intel Mac OS X 10_15_7) AppleWebKit/605.1.15 (KHTML, like Gecko) Version/17.0 Safari/605.1.15"
192.168.1.102 - - [06/May/2026:01:11:08 +0800] "GET /docs/api HTTP/1.1" 200 19420 "-" "Mozilla/5.0 (Windows NT 10.0; Win64; x64) AppleWebKit/537.36 (KHTML, like Gecko) Chrome/120.0.0.0 Safari/537.36"
192.168.1.117 - - [06/May/2026:15:51:17 +0800] "GET /api/users HTTP/1.1" 200 29714 "-" "Mozilla/5.0 (iPhone; CPU iPhone OS 17_0 like Mac OS X) AppleWebKit/605.1.15 (KHTML, like Gecko) Version/17.0 Mobile/15E148 Safari/604.1"
192.168.1.100 - - [06/May/2026:02:15:20 +0800] "GET /downloads HTTP/1.1" 200 18348 "-" "Mozilla/5.0 (iPhone; CPU iPhone OS 17_0 like Mac OS X) AppleWebKit/605.1.15 (KHTML, like Gecko) Version/17.0 Mobile/15E148 Safari/604.1"
192.168.1.133 - - [06/May/2026:00:45:35 +0800] "GET /api/orders HTTP/1.1" 200 8597 "-" "Mozilla/5.0 (Windows NT 10.0; Win64; x64) AppleWebKit/537.36 (KHTML, like Gecko) Chrome/120.0.0.0 Safari/537.36"
192.168.1.118 - - [06/May/2026:14:41:27 +0800] "GET /api/settings HTTP/1.1" 200 26169 "-" "Mozilla/5.0 (iPhone; CPU iPhone OS 17_0 like Mac OS X) AppleWebKit/605.1.15 (KHTML, like Gecko) Version/17.0 Mobile/15E148 Safari/604.1"
192.168.1.144 - - [06/May/2026:09:53:03 +0800] "GET /css/style.css HTTP/1.1" 200 48986 "-" "Mozilla/5.0 (iPhone; CPU iPhone OS 17_0 like Mac OS X) AppleWebKit/605.1.15 (KHTML, like Gecko) Version/17.0 Mobile/15E148 Safari/604.1"
192.168.1.145 - - [06/May/2026:11:08:10 +0800] "GET /api/settings HTTP/1.1" 200 41227 "-" "Mozilla/5.0 (X11; Linux x86_64; rv:109.0) Gecko/20100101 Firefox/121.0"
192.168.1.102 - - [05/May/2026:19:16:24 +0800] "POST /services HTTP/1.1" 200 45302 "-" "Mozilla/5.0 (Macintosh; Intel Mac OS X 10_15_7) AppleWebKit/605.1.15 (KHTML, like Gecko) Version/17.0 Safari/605.1.15"
192.168.1.115 - - [06/May/2026:08:23:06 +0800] "GET /index.html HTTP/1.1" 200 43485 "-" "Mozilla/5.0 (X11; Linux x86_64; rv:109.0) Gecko/20100101 Firefox/121.0"
192.168.1.129 - - [06/May/2026:16:30:44 +0800] "GET /terms HTTP/1.1" 200 6455 "-" "Mozilla/5.0 (Windows NT 10.0; Win64; x64) AppleWebKit/537.36 (KHTML, like Gecko) Chrome/120.0.0.0 Safari/537.36"
192.168.1.100 - - [05/May/2026:21:38:14 +0800] "GET /help HTTP/1.1" 304 21851 "-" "Mozilla/5.0 (iPhone; CPU iPhone OS 17_0 like Mac OS X) AppleWebKit/605.1.15 (KHTML, like Gecko) Version/17.0 Mobile/15E148 Safari/604.1"
192.168.1.113 - - [06/May/2026:15:57:13 +0800] "GET /favicon.ico HTTP/1.1" 200 7775 "-" "Mozilla/5.0 (Macintosh; Intel Mac OS X 10_15_7) AppleWebKit/605.1.15 (KHTML, like Gecko) Version/17.0 Safari/605.1.15"
192.168.1.103 - - [05/May/2026:23:10:16 +0800] "GET /about.html HTTP/1.1" 200 28180 "-" "Mozilla/5.0 (X11; Linux x86_64; rv:109.0) Gecko/20100101 Firefox/121.0"
192.168.1.131 - - [06/May/2026:03:34:18 +0800] "GET /support HTTP/1.1" 200 3999 "-" "Mozilla/5.0 (X11; Linux x86_64; rv:109.0) Gecko/20100101 Firefox/121.0"
192.168.1.126 - - [05/May/2026:20:41:41 +0800] "GET /css/style.css HTTP/1.1" 200 37300 "-" "Mozilla/5.0 (iPhone; CPU iPhone OS 17_0 like Mac OS X) AppleWebKit/605.1.15 (KHTML, like Gecko) Version/17.0 Mobile/15E148 Safari/604.1"
192.168.1.109 - - [06/May/2026:16:43:28 +0800] "GET /css/style.css HTTP/1.1" 200 13635 "-" "Mozilla/5.0 (Windows NT 10.0; Win64; x64) AppleWebKit/537.36 (KHTML, like Gecko) Chrome/120.0.0.0 Safari/537.36"
192.168.1.137 - - [06/May/2026:10:15:58 +0800] "GET /careers HTTP/1.1" 200 7599 "-" "Mozilla/5.0 (iPhone; CPU iPhone OS 17_0 like Mac OS X) AppleWebKit/605.1.15 (KHTML, like Gecko) Version/17.0 Mobile/15E148 Safari/604.1"
192.168.1.108 - - [06/May/2026:14:22:54 +0800] "GET /blog HTTP/1.1" 200 30186 "-" "Mozilla/5.0 (X11; Linux x86_64; rv:109.0) Gecko/20100101 Firefox/121.0"
192.168.1.143 - - [06/May/2026:17:18:49 +0800] "GET /help HTTP/1.1" 200 25911 "-" "Mozilla/5.0 (Windows NT 10.0; Win64; x64) AppleWebKit/537.36 (KHTML, like Gecko) Chrome/120.0.0.0 Safari/537.36"
192.168.1.135 - - [05/May/2026:20:44:46 +0800] "GET /gallery HTTP/1.1" 200 1997 "-" "Mozilla/5.0 (X11; Linux x86_64; rv:109.0) Gecko/20100101 Firefox/121.0"
192.168.1.108 - - [06/May/2026:13:19:03 +0800] "GET /api/products HTTP/1.1" 200 25924 "-" "Mozilla/5.0 (iPhone; CPU iPhone OS 17_0 like Mac OS X) AppleWebKit/605.1.15 (KHTML, like Gecko) Version/17.0 Mobile/15E148 Safari/604.1"
192.168.1.131 - - [06/May/2026:04:10:41 +0800] "GET /press HTTP/1.1" 200 32935 "-" "Mozilla/5.0 (Windows NT 10.0; Win64; x64) AppleWebKit/537.36 (KHTML, like Gecko) Chrome/120.0.0.0 Safari/537.36"
192.168.1.131 - - [06/May/2026:05:33:41 +0800] "GET /terms HTTP/1.1" 200 19659 "-" "Mozilla/5.0 (Macintosh; Intel Mac OS X 10_15_7) AppleWebKit/605.1.15 (KHTML, like Gecko) Version/17.0 Safari/605.1.15"
192.168.1.111 - - [06/May/2026:03:23:09 +0800] "GET /api/products HTTP/1.1" 200 32907 "-" "Mozilla/5.0 (Windows NT 10.0; Win64; x64) AppleWebKit/537.36 (KHTML, like Gecko) Chrome/120.0.0.0 Safari/537.36"
192.168.1.131 - - [06/May/2026:07:07:07 +0800] "GET /news HTTP/1.1" 200 17457 "-" "Mozilla/5.0 (X11; Linux x86_64; rv:109.0) Gecko/20100101 Firefox/121.0"
192.168.1.140 - - [05/May/2026:19:57:29 +0800] "GET /events HTTP/1.1" 200 48824 "-" "Mozilla/5.0 (iPhone; CPU iPhone OS 17_0 like Mac OS X) AppleWebKit/605.1.15 (KHTML, like Gecko) Version/17.0 Mobile/15E148 Safari/604.1"
192.168.1.136 - - [05/May/2026:22:38:49 +0800] "GET /press HTTP/1.1" 200 27755 "-" "Mozilla/5.0 (iPhone; CPU iPhone OS 17_0 like Mac OS X) AppleWebKit/605.1.15 (KHTML, like Gecko) Version/17.0 Mobile/15E148 Safari/604.1"
192.168.1.127 - - [06/May/2026:06:25:04 +0800] "GET /about.html HTTP/1.1" 200 38704 "-" "Mozilla/5.0 (X11; Linux x86_64; rv:109.0) Gecko/20100101 Firefox/121.0"
192.168.1.126 - - [05/May/2026:19:04:04 +0800] "GET /js/app.js HTTP/1.1" 200 35564 "-" "Mozilla/5.0 (Macintosh; Intel Mac OS X 10_15_7) AppleWebKit/605.1.15 (KHTML, like Gecko) Version/17.0 Safari/605.1.15"
192.168.1.146 - - [06/May/2026:08:44:52 +0800] "GET /api/products HTTP/1.1" 301 40373 "-" "Mozilla/5.0 (X11; Linux x86_64; rv:109.0) Gecko/20100101 Firefox/121.0"
192.168.1.140 - - [06/May/2026:05:03:12 +0800] "GET /images/logo.png HTTP/1.1" 200 2500 "-" "Mozilla/5.0 (Macintosh; Intel Mac OS X 10_15_7) AppleWebKit/605.1.15 (KHTML, like Gecko) Version/17.0 Safari/605.1.15"
192.168.1.126 - - [06/May/2026:00:26:45 +0800] "POST /privacy HTTP/1.1" 200 10740 "-" "Mozilla/5.0 (X11; Linux x86_64; rv:109.0) Gecko/20100101 Firefox/121.0"
192.168.1.149 - - [06/May/2026:14:07:01 +0800] "GET /gallery HTTP/1.1" 200 42648 "-" "Mozilla/5.0 (iPhone; CPU iPhone OS 17_0 like Mac OS X) AppleWebKit/605.1.15 (KHTML, like Gecko) Version/17.0 Mobile/15E148 Safari/604.1"
192.168.1.125 - - [06/May/2026:07:29:27 +0800] "GET /api/products HTTP/1.1" 200 16929 "-" "Mozilla/5.0 (iPhone; CPU iPhone OS 17_0 like Mac OS X) AppleWebKit/605.1.15 (KHTML, like Gecko) Version/17.0 Mobile/15E148 Safari/604.1"
192.168.1.104 - - [06/May/2026:03:17:07 +0800] "GET /careers HTTP/1.1" 200 32022 "-" "Mozilla/5.0 (X11; Linux x86_64; rv:109.0) Gecko/20100101 Firefox/121.0"
192.168.1.112 - - [06/May/2026:11:10:24 +0800] "GET /support HTTP/1.1" 200 25334 "-" "Mozilla/5.0 (X11; Linux x86_64; rv:109.0) Gecko/20100101 Firefox/121.0"
192.168.1.107 - - [06/May/2026:15:50:34 +0800] "GET /terms HTTP/1.1" 200 20183 "-" "Mozilla/5.0 (X11; Linux x86_64; rv:109.0) Gecko/20100101 Firefox/121.0"
192.168.1.141 - - [06/May/2026:15:55:05 +0800] "GET /resources HTTP/1.1" 200 26310 "-" "Mozilla/5.0 (iPhone; CPU iPhone OS 17_0 like Mac OS X) AppleWebKit/605.1.15 (KHTML, like Gecko) Version/17.0 Mobile/15E148 Safari/604.1"
192.168.1.116 - - [05/May/2026:23:23:01 +0800] "POST /api/orders HTTP/1.1" 200 17142 "-" "Mozilla/5.0 (Windows NT 10.0; Win64; x64) AppleWebKit/537.36 (KHTML, like Gecko) Chrome/120.0.0.0 Safari/537.36"
192.168.1.114 - - [06/May/2026:04:19:49 +0800] "GET /careers HTTP/1.1" 200 42105 "-" "Mozilla/5.0 (Macintosh; Intel Mac OS X 10_15_7) AppleWebKit/605.1.15 (KHTML, like Gecko) Version/17.0 Safari/605.1.15"
192.168.1.108 - - [06/May/2026:08:08:10 +0800] "GET /press HTTP/1.1" 200 7206 "-" "Mozilla/5.0 (X11; Linux x86_64; rv:109.0) Gecko/20100101 Firefox/121.0"
192.168.1.135 - - [06/May/2026:13:41:39 +0800] "GET /careers HTTP/1.1" 200 16001 "-" "Mozilla/5.0 (Macintosh; Intel Mac OS X 10_15_7) AppleWebKit/605.1.15 (KHTML, like Gecko) Version/17.0 Safari/605.1.15"
192.168.1.129 - - [06/May/2026:07:25:32 +0800] "GET /api/settings HTTP/1.1" 200 31961 "-" "Mozilla/5.0 (Macintosh; Intel Mac OS X 10_15_7) AppleWebKit/605.1.15 (KHTML, like Gecko) Version/17.0 Safari/605.1.15"
192.168.1.114 - - [05/May/2026:20:37:33 +0800] "POST /api/users HTTP/1.1" 200 35725 "-" "Mozilla/5.0 (X11; Linux x86_64; rv:109.0) Gecko/20100101 Firefox/121.0"
192.168.1.124 - - [05/May/2026:20:01:45 +0800] "GET /api/settings HTTP/1.1" 200 2973 "-" "Mozilla/5.0 (X11; Linux x86_64; rv:109.0) Gecko/20100101 Firefox/121.0"
192.168.1.122 - - [06/May/2026:00:05:45 +0800] "GET /help HTTP/1.1" 200 29177 "-" "Mozilla/5.0 (Windows NT 10.0; Win64; x64) AppleWebKit/537.36 (KHTML, like Gecko) Chrome/120.0.0.0 Safari/537.36"
192.168.1.129 - - [05/May/2026:19:45:28 +0800] "GET /help HTTP/1.1" 200 33304 "-" "Mozilla/5.0 (Macintosh; Intel Mac OS X 10_15_7) AppleWebKit/605.1.15 (KHTML, like Gecko) Version/17.0 Safari/605.1.15"
192.168.1.107 - - [06/May/2026:11:03:04 +0800] "GET /careers HTTP/1.1" 200 28742 "-" "Mozilla/5.0 (iPhone; CPU iPhone OS 17_0 like Mac OS X) AppleWebKit/605.1.15 (KHTML, like Gecko) Version/17.0 Mobile/15E148 Safari/604.1"
192.168.1.133 - - [05/May/2026:19:10:08 +0800] "GET /index.html HTTP/1.1" 200 27349 "-" "Mozilla/5.0 (X11; Linux x86_64; rv:109.0) Gecko/20100101 Firefox/121.0"
192.168.1.113 - - [05/May/2026:23:00:27 +0800] "GET /privacy HTTP/1.1" 200 3358 "-" "Mozilla/5.0 (Macintosh; Intel Mac OS X 10_15_7) AppleWebKit/605.1.15 (KHTML, like Gecko) Version/17.0 Safari/605.1.15"
192.168.1.107 - - [06/May/2026:11:20:09 +0800] "POST /careers HTTP/1.1" 200 27837 "-" "Mozilla/5.0 (Windows NT 10.0; Win64; x64) AppleWebKit/537.36 (KHTML, like Gecko) Chrome/120.0.0.0 Safari/537.36"
192.168.1.142 - - [06/May/2026:13:49:17 +0800] "GET /docs/api HTTP/1.1" 200 3866 "-" "Mozilla/5.0 (X11; Linux x86_64; rv:109.0) Gecko/20100101 Firefox/121.0"
192.168.1.127 - - [06/May/2026:07:47:34 +0800] "GET /events HTTP/1.1" 200 14352 "-" "Mozilla/5.0 (iPhone; CPU iPhone OS 17_0 like Mac OS X) AppleWebKit/605.1.15 (KHTML, like Gecko) Version/17.0 Mobile/15E148 Safari/604.1"
192.168.1.118 - - [05/May/2026:23:54:55 +0800] "POST /services HTTP/1.1" 200 3777 "-" "Mozilla/5.0 (Windows NT 10.0; Win64; x64) AppleWebKit/537.36 (KHTML, like Gecko) Chrome/120.0.0.0 Safari/537.36"
192.168.1.148 - - [06/May/2026:07:12:08 +0800] "GET /gallery HTTP/1.1" 200 29595 "-" "Mozilla/5.0 (X11; Linux x86_64; rv:109.0) Gecko/20100101 Firefox/121.0"
192.168.1.149 - - [06/May/2026:00:01:14 +0800] "POST /about.html HTTP/1.1" 200 36795 "-" "Mozilla/5.0 (X11; Linux x86_64; rv:109.0) Gecko/20100101 Firefox/121.0"
192.168.1.130 - - [05/May/2026:23:51:55 +0800] "GET /images/logo.png HTTP/1.1" 200 45999 "-" "Mozilla/5.0 (Windows NT 10.0; Win64; x64) AppleWebKit/537.36 (KHTML, like Gecko) Chrome/120.0.0.0 Safari/537.36"
192.168.1.131 - - [06/May/2026:13:20:12 +0800] "GET /services HTTP/1.1" 200 42424 "-" "Mozilla/5.0 (Macintosh; Intel Mac OS X 10_15_7) AppleWebKit/605.1.15 (KHTML, like Gecko) Version/17.0 Safari/605.1.15"
192.168.1.118 - - [06/May/2026:06:53:10 +0800] "GET /support HTTP/1.1" 200 46160 "-" "Mozilla/5.0 (X11; Linux x86_64; rv:109.0) Gecko/20100101 Firefox/121.0"
192.168.1.109 - - [06/May/2026:17:37:18 +0800] "GET /css/style.css HTTP/1.1" 200 23793 "-" "Mozilla/5.0 (Windows NT 10.0; Win64; x64) AppleWebKit/537.36 (KHTML, like Gecko) Chrome/120.0.0.0 Safari/537.36"
192.168.1.135 - - [06/May/2026:07:43:57 +0800] "GET /resources HTTP/1.1" 200 32939 "-" "Mozilla/5.0 (Macintosh; Intel Mac OS X 10_15_7) AppleWebKit/605.1.15 (KHTML, like Gecko) Version/17.0 Safari/605.1.15"
192.168.1.148 - - [06/May/2026:03:02:22 +0800] "GET /terms HTTP/1.1" 200 25967 "-" "Mozilla/5.0 (Windows NT 10.0; Win64; x64) AppleWebKit/537.36 (KHTML, like Gecko) Chrome/120.0.0.0 Safari/537.36"
192.168.1.101 - - [06/May/2026:14:08:10 +0800] "GET /index.html HTTP/1.1" 200 41824 "-" "Mozilla/5.0 (X11; Linux x86_64; rv:109.0) Gecko/20100101 Firefox/121.0"
192.168.1.121 - - [05/May/2026:23:12:53 +0800] "GET /news HTTP/1.1" 200 48002 "-" "Mozilla/5.0 (Windows NT 10.0; Win64; x64) AppleWebKit/537.36 (KHTML, like Gecko) Chrome/120.0.0.0 Safari/537.36"
192.168.1.129 - - [05/May/2026:19:11:07 +0800] "GET /about.html HTTP/1.1" 200 26439 "-" "Mozilla/5.0 (X11; Linux x86_64; rv:109.0) Gecko/20100101 Firefox/121.0"
