10.0.0.57 - - [06/May/2026:14:20:32 +0800] "GET /api/orders HTTP/1.1" 200 12426 "-" "bingbot/2.0 (+http://www.bing.com/bingbot.htm)"
10.0.0.69 - - [06/May/2026:16:16:44 +0800] "GET /sitemap.xml HTTP/1.1" 200 10719 "-" "Sogou web spider/4.0(+http://www.sogou.com/docs/help/webmasters.htm#07)"
10.0.0.59 - - [07/May/2026:01:31:49 +0800] "GET /api/users HTTP/1.1" 200 23336 "-" "Googlebot/2.1 (+http://www.google.com/bot.html)"
10.0.0.60 - - [06/May/2026:23:32:30 +0800] "GET /press HTTP/1.1" 200 26598 "-" "bingbot/2.0 (+http://www.bing.com/bingbot.htm)"
10.0.0.52 - - [07/May/2026:07:00:39 +0800] "GET /favicon.ico HTTP/1.1" 200 12785 "-" "Sogou web spider/4.0(+http://www.sogou.com/docs/help/webmasters.htm#07)"
10.0.0.65 - - [06/May/2026:19:22:46 +0800] "GET /index.html HTTP/1.1" 200 5384 "-" "Googlebot/2.1 (+http://www.google.com/bot.html)"
10.0.0.61 - - [06/May/2026:09:46:50 +0800] "GET /images/logo.png HTTP/1.1" 304 11580 "-" "Baiduspider+(+http://www.baidu.com/search/spider.htm)"
10.0.0.67 - - [06/May/2026:16:32:13 +0800] "GET /careers HTTP/1.1" 200 25502 "-" "Googlebot/2.1 (+http://www.google.com/bot.html)"
10.0.0.64 - - [07/May/2026:04:15:09 +0800] "GET /help HTTP/1.1" 200 20463 "-" "Baiduspider+(+http://www.baidu.com/search/spider.htm)"
10.0.0.54 - - [07/May/2026:00:35:40 +0800] "GET /gallery HTTP/1.1" 200 1137 "-" "bingbot/2.0 (+http://www.bing.com/bingbot.htm)"
10.0.0.51 - - [07/May/2026:06:14:30 +0800] "GET /api/users HTTP/1.1" 200 12674 "-" "Baiduspider+(+http://www.baidu.com/search/spider.htm)"
10.0.0.63 - - [06/May/2026:23:54:32 +0800] "GET /blog HTTP/1.1" 200 20936 "-" "bingbot/2.0 (+http://www.bing.com/bingbot.htm)"
10.0.0.65 - - [07/May/2026:00:31:55 +0800] "GET /gallery HTTP/1.1" 200 23641 "-" "bingbot/2.0 (+http://www.bing.com/bingbot.htm)"
10.0.0.66 - - [07/May/2026:00:32:48 +0800] "GET /api/orders HTTP/1.1" 200 9085 "-" "Sogou web spider/4.0(+http://www.sogou.com/docs/help/webmasters.htm#07)"
10.0.0.52 - - [06/May/2026:15:29:58 +0800] "GET /blog HTTP/1.1" 200 8150 "-" "bingbot/2.0 (+http://www.bing.com/bingbot.htm)"
10.0.0.65 - - [06/May/2026:14:28:36 +0800] "GET /support HTTP/1.1" 200 9686 "-" "bingbot/2.0 (+http://www.bing.com/bingbot.htm)"
10.0.0.55 - - [06/May/2026:08:57:21 +0800] "GET /faq HTTP/1.1" 200 7201 "-" "Baiduspider+(+http://www.baidu.com/search/spider.htm)"
10.0.0.50 - - [07/May/2026:06:07:11 +0800] "GET /privacy HTTP/1.1" 200 16609 "-" "Googlebot/2.1 (+http://www.google.com/bot.html)"
10.0.0.65 - - [06/May/2026:22:40:08 +0800] "GET /gallery HTTP/1.1" 200 22438 "-" "Googlebot/2.1 (+http://www.google.com/bot.html)"
10.0.0.55 - - [07/May/2026:01:59:15 +0800] "GET /support HTTP/1.1" 200 2591 "-" "bingbot/2.0 (+http://www.bing.com/bingbot.htm)"
10.0.0.58 - - [07/May/2026:00:17:01 +0800] "GET /api/orders HTTP/1.1" 200 7187 "-" "bingbot/2.0 (+http://www.bing.com/bingbot.htm)"
10.0.0.63 - - [07/May/2026:02:45:44 +0800] "GET /index.html HTTP/1.1" 200 25938 "-" "bingbot/2.0 (+http://www.bing.com/bingbot.htm)"
10.0.0.61 - - [06/May/2026:13:16:59 +0800] "GET /partners HTTP/1.1" 200 17715 "-" "Googlebot/2.1 (+http://www.google.com/bot.html)"
10.0.0.52 - - [06/May/2026:11:52:35 +0800] "GET /resources HTTP/1.1" 200 1203 "-" "bingbot/2.0 (+http://www.bing.com/bingbot.htm)"
10.0.0.58 - - [06/May/2026:13:26:17 +0800] "GET /robots.txt HTTP/1.1" 200 21329 "-" "Baiduspider+(+http://www.baidu.com/search/spider.htm)"
10.0.0.69 - - [07/May/2026:04:48:47 +0800] "GET /api/settings HTTP/1.1" 200 7710 "-" "bingbot/2.0 (+http://www.bing.com/bingbot.htm)"
10.0.0.68 - - [06/May/2026:19:45:09 +0800] "GET /api/orders HTTP/1.1" 200 17977 "-" "Googlebot/2.1 (+http://www.google.com/bot.html)"
10.0.0.54 - - [06/May/2026:19:59:02 +0800] "GET /images/logo.png HTTP/1.1" 200 29919 "-" "Googlebot/2.1 (+http://www.google.com/bot.html)"
10.0.0.64 - - [06/May/2026:09:54:35 +0800] "GET /favicon.ico HTTP/1.1" 304 11762 "-" "bingbot/2.0 (+http://www.bing.com/bingbot.htm)"
10.0.0.53 - - [06/May/2026:15:42:59 +0800] "GET /api/orders HTTP/1.1" 200 15687 "-" "bingbot/2.0 (+http://www.bing.com/bingbot.htm)"
10.0.0.66 - - [06/May/2026:10:32:21 +0800] "GET /docs/api HTTP/1.1" 200 12306 "-" "Googlebot/2.1 (+http://www.google.com/bot.html)"
10.0.0.69 - - [06/May/2026:10:21:10 +0800] "GET /faq HTTP/1.1" 200 10193 "-" "bingbot/2.0 (+http://www.bing.com/bingbot.htm)"
10.0.0.55 - - [06/May/2026:22:43:58 +0800] "GET /favicon.ico HTTP/1.1" 200 9238 "-" "bingbot/2.0 (+http://www.bing.com/bingbot.htm)"
10.0.0.60 - - [06/May/2026:08:53:42 +0800] "GET /products HTTP/1.1" 200 12484 "-" "Googlebot/2.1 (+http://www.google.com/bot.html)"
10.0.0.51 - - [07/May/2026:04:54:17 +0800] "GET /images/logo.png HTTP/1.1" 200 5649 "-" "Sogou web spider/4.0(+http://www.sogou.com/docs/help/webmasters.htm#07)"
10.0.0.64 - - [07/May/2026:00:54:12 +0800] "GET /about.html HTTP/1.1" 200 6981 "-" "Googlebot/2.1 (+http://www.google.com/bot.html)"
10.0.0.64 - - [07/May/2026:02:53:03 +0800] "GET /help HTTP/1.1" 200 3359 "-" "Googlebot/2.1 (+http://www.google.com/bot.html)"
10.0.0.57 - - [06/May/2026:10:49:06 +0800] "GET /contact HTTP/1.1" 200 21172 "-" "Baiduspider+(+http://www.baidu.com/search/spider.htm)"
10.0.0.56 - - [06/May/2026:19:50:13 +0800] "GET /privacy HTTP/1.1" 200 1694 "-" "bingbot/2.0 (+http://www.bing.com/bingbot.htm)"
10.0.0.63 - - [06/May/2026:20:04:17 +0800] "GET /api/users HTTP/1.1" 200 21412 "-" "Baiduspider+(+http://www.baidu.com/search/spider.htm)"
10.0.0.52 - - [06/May/2026:17:13:01 +0800] "GET /faq HTTP/1.1" 200 2211 "-" "Sogou web spider/4.0(+http://www.sogou.com/docs/help/webmasters.htm#07)"
10.0.0.58 - - [06/May/2026:16:32:37 +0800] "GET /images/logo.png HTTP/1.1" 200 17648 "-" "bingbot/2.0 (+http://www.bing.com/bingbot.htm)"
10.0.0.57 - - [07/May/2026:02:48:21 +0800] "GET /contact HTTP/1.1" 200 3679 "-" "Sogou web spider/4.0(+http://www.sogou.com/docs/help/webmasters.htm#07)"
10.0.0.68 - - [07/May/2026:03:16:29 +0800] "GET /blog HTTP/1.1" 200 9889 "-" "Sogou web spider/4.0(+http://www.sogou.com/docs/help/webmasters.htm#07)"
10.0.0.69 - - [07/May/2026:01:27:01 +0800] "GET /help HTTP/1.1" 200 28992 "-" "Googlebot/2.1 (+http://www.google.com/bot.html)"
10.0.0.55 - - [07/May/2026:06:55:24 +0800] "GET /api/settings HTTP/1.1" 200 15922 "-" "Baiduspider+(+http://www.baidu.com/search/spider.htm)"
10.0.0.54 - - [06/May/2026:16:28:56 +0800] "GET /events HTTP/1.1" 200 5858 "-" "Sogou web spider/4.0(+http://www.sogou.com/docs/help/webmasters.htm#07)"
10.0.0.57 - - [06/May/2026:17:47:56 +0800] "GET /support HTTP/1.1" 200 23330 "-" "Googlebot/2.1 (+http://www.google.com/bot.html)"
10.0.0.69 - - [07/May/2026:03:26:41 +0800] "GET /api/settings HTTP/1.1" 200 28375 "-" "Baiduspider+(+http://www.baidu.com/search/spider.htm)"
10.0.0.65 - - [06/May/2026:10:58:26 +0800] "GET /faq HTTP/1.1" 200 11658 "-" "bingbot/2.0 (+http://www.bing.com/bingbot.htm)"
10.0.0.65 - - [06/May/2026:21:09:38 +0800] "GET /about.html HTTP/1.1" 200 16340 "-" "Baiduspider+(+http://www.baidu.com/search/spider.htm)"
10.0.0.50 - - [06/May/2026:19:51:36 +0800] "GET /careers HTTP/1.1" 200 28440 "-" "bingbot/2.0 (+http://www.bing.com/bingbot.htm)"
10.0.0.53 - - [06/May/2026:18:51:33 +0800] "GET /faq HTTP/1.1" 200 18498 "-" "Sogou web spider/4.0(+http://www.sogou.com/docs/help/webmasters.htm#07)"
10.0.0.52 - - [06/May/2026:13:36:55 +0800] "GET /docs/api HTTP/1.1" 200 17895 "-" "bingbot/2.0 (+http://www.bing.com/bingbot.htm)"
10.0.0.65 - - [06/May/2026:15:06:10 +0800] "GET /services HTTP/1.1" 200 18192 "-" "Googlebot/2.1 (+http://www.google.com/bot.html)"
10.0.0.63 - - [06/May/2026:13:44:59 +0800] "GET /privacy HTTP/1.1" 200 17345 "-" "Sogou web spider/4.0(+http://www.sogou.com/docs/help/webmasters.htm#07)"
10.0.0.61 - - [06/May/2026:22:43:02 +0800] "GET /support HTTP/1.1" 200 25951 "-" "Baiduspider+(+http://www.baidu.com/search/spider.htm)"
10.0.0.52 - - [06/May/2026:09:55:01 +0800] "GET /contact HTTP/1.1" 200 15193 "-" "Googlebot/2.1 (+http://www.google.com/bot.html)"
10.0.0.56 - - [07/May/2026:06:17:48 +0800] "GET /partners HTTP/1.1" 200 18982 "-" "bingbot/2.0 (+http://www.bing.com/bingbot.htm)"
10.0.0.56 - - [06/May/2026:09:31:59 +0800] "GET /api/orders HTTP/1.1" 200 20301 "-" "Baiduspider+(+http://www.baidu.com/search/spider.htm)"
10.0.0.65 - - [07/May/2026:07:17:38 +0800] "GET /products HTTP/1.1" 200 28848 "-" "bingbot/2.0 (+http://www.bing.com/bingbot.htm)"
10.0.0.63 - - [06/May/2026:11:34:40 +0800] "GET /api/users HTTP/1.1" 200 28891 "-" "Baiduspider+(+http://www.baidu.com/search/spider.htm)"
10.0.0.52 - - [06/May/2026:16:39:09 +0800] "GET /blog HTTP/1.1" 200 2092 "-" "bingbot/2.0 (+http://www.bing.com/bingbot.htm)"
10.0.0.67 - - [07/May/2026:06:18:38 +0800] "GET /partners HTTP/1.1" 200 13097 "-" "bingbot/2.0 (+http://www.bing.com/bingbot.htm)"
10.0.0.68 - - [06/May/2026:23:21:53 +0800] "GET /resources HTTP/1.1" 200 16191 "-" "Baiduspider+(+http://www.baidu.com/search/spider.htm)"
10.0.0.54 - - [06/May/2026:13:01:12 +0800] "GET /news HTTP/1.1" 200 10846 "-" "bingbot/2.0 (+http://www.bing.com/bingbot.htm)"
10.0.0.59 - - [07/May/2026:02:59:42 +0800] "GET /about.html HTTP/1.1" 200 5409 "-" "Googlebot/2.1 (+http://www.google.com/bot.html)"
10.0.0.61 - - [06/May/2026:12:20:38 +0800] "GET /news HTTP/1.1" 200 2620 "-" "Sogou web spider/4.0(+http://www.sogou.com/docs/help/webmasters.htm#07)"
10.0.0.64 - - [07/May/2026:01:33:14 +0800] "GET /careers HTTP/1.1" 200 27998 "-" "bingbot/2.0 (+http://www.bing.com/bingbot.htm)"
10.0.0.64 - - [06/May/2026:19:14:55 +0800] "GET /terms HTTP/1.1" 200 7443 "-" "Sogou web spider/4.0(+http://www.sogou.com/docs/help/webmasters.htm#07)"
10.0.0.55 - - [06/May/2026:18:33:09 +0800] "GET /sitemap.xml HTTP/1.1" 200 27919 "-" "Baiduspider+(+http://www.baidu.com/search/spider.htm)"
10.0.0.62 - - [06/May/2026:18:52:21 +0800] "GET /robots.txt HTTP/1.1" 404 13651 "-" "Baiduspider+(+http://www.baidu.com/search/spider.htm)"
10.0.0.69 - - [06/May/2026:22:22:16 +0800] "GET /css/style.css HTTP/1.1" 200 26837 "-" "Sogou web spider/4.0(+http://www.sogou.com/docs/help/webmasters.htm#07)"
10.0.0.50 - - [07/May/2026:00:13:22 +0800] "GET /events HTTP/1.1" 200 10412 "-" "Sogou web spider/4.0(+http://www.sogou.com/docs/help/webmasters.htm#07)"
10.0.0.69 - - [06/May/2026:09:33:22 +0800] "GET /help HTTP/1.1" 200 9508 "-" "Sogou web spider/4.0(+http://www.sogou.com/docs/help/webmasters.htm#07)"
10.0.0.50 - - [06/May/2026:14:13:54 +0800] "GET /resources HTTP/1.1" 200 22943 "-" "Googlebot/2.1 (+http://www.google.com/bot.html)"
10.0.0.64 - - [06/May/2026:15:17:16 +0800] "GET /about.html HTTP/1.1" 200 18127 "-" "Sogou web spider/4.0(+http://www.sogou.com/docs/help/webmasters.htm#07)"
10.0.0.61 - - [07/May/2026:07:26:09 +0800] "GET /blog HTTP/1.1" 200 28293 "-" "Baiduspider+(+http://www.baidu.com/search/spider.htm)"
10.0.0.67 - - [06/May/2026:11:32:47 +0800] "GET /css/style.css HTTP/1.1" 200 25342 "-" "bingbot/2.0 (+http://www.bing.com/bingbot.htm)"
10.0.0.50 - - [06/May/2026:08:31:56 +0800] "GET /js/app.js HTTP/1.1" 200 12240 "-" "Sogou web spider/4.0(+http://www.sogou.com/docs/help/webmasters.htm#07)"
10.0.0.62 - - [07/May/2026:07:09:26 +0800] "GET /contact HTTP/1.1" 200 3627 "-" "bingbot/2.0 (+http://www.bing.com/bingbot.htm)"
10.0.0.69 - - [07/May/2026:04:45:37 +0800] "GET /careers HTTP/1.1" 200 5382 "-" "Sogou web spider/4.0(+http://www.sogou.com/docs/help/webmasters.htm#07)"
10.0.0.63 - - [06/May/2026:21:17:42 +0800] "GET /about.html HTTP/1.1" 200 6311 "-" "Googlebot/2.1 (+http://www.google.com/bot.html)"
10.0.0.58 - - [06/May/2026:09:53:37 +0800] "GET /downloads HTTP/1.1" 200 25410 "-" "Googlebot/2.1 (+http://www.google.com/bot.html)"
10.0.0.56 - - [07/May/2026:07:47:32 +0800] "GET /api/users HTTP/1.1" 200 19845 "-" "Googlebot/2.1 (+http://www.google.com/bot.html)"
10.0.0.67 - - [06/May/2026:12:34:10 +0800] "GET /events HTTP/1.1" 200 17851 "-" "Googlebot/2.1 (+http://www.google.com/bot.html)"
10.0.0.66 - - [06/May/2026:19:14:47 +0800] "GET /services HTTP/1.1" 304 21441 "-" "Googlebot/2.1 (+http://www.google.com/bot.html)"
10.0.0.50 - - [06/May/2026:10:00:16 +0800] "GET /blog HTTP/1.1" 200 6041 "-" "bingbot/2.0 (+http://www.bing.com/bingbot.htm)"
10.0.0.59 - - [06/May/2026:09:12:16 +0800] "GET /news HTTP/1.1" 200 7707 "-" "Sogou web spider/4.0(+http://www.sogou.com/docs/help/webmasters.htm#07)"
10.0.0.60 - - [06/May/2026:19:24:33 +0800] "GET /api/products HTTP/1.1" 200 28518 "-" "bingbot/2.0 (+http://www.bing.com/bingbot.htm)"
10.0.0.62 - - [07/May/2026:07:55:24 +0800] "GET /favicon.ico HTTP/1.1" 200 21033 "-" "Baiduspider+(+http://www.baidu.com/search/spider.htm)"
10.0.0.61 - - [07/May/2026:02:32:28 +0800] "GET /robots.txt HTTP/1.1" 200 3237 "-" "Googlebot/2.1 (+http://www.google.com/bot.html)"
10.0.0.52 - - [07/May/2026:01:18:25 +0800] "GET /products HTTP/1.1" 200 7498 "-" "bingbot/2.0 (+http://www.bing.com/bingbot.htm)"
10.0.0.54 - - [06/May/2026:21:16:29 +0800] "GET /events HTTP/1.1" 200 612 "-" "Sogou web spider/4.0(+http://www.sogou.com/docs/help/webmasters.htm#07)"
10.0.0.54 - - [07/May/2026:02:07:47 +0800] "GET /api/orders HTTP/1.1" 200 28728 "-" "bingbot/2.0 (+http://www.bing.com/bingbot.htm)"
10.0.0.54 - - [06/May/2026:23:10:40 +0800] "GET /favicon.ico HTTP/1.1" 200 4021 "-" "Baiduspider+(+http://www.baidu.com/search/spider.htm)"
10.0.0.51 - - [06/May/2026:09:27:38 +0800] "GET /images/logo.png HTTP/1.1" 200 11229 "-" "Sogou web spider/4.0(+http://www.sogou.com/docs/help/webmasters.htm#07)"
10.0.0.53 - - [07/May/2026:04:51:12 +0800] "GET /index.html HTTP/1.1" 200 28174 "-" "bingbot/2.0 (+http://www.bing.com/bingbot.htm)"
10.0.0.59 - - [06/May/2026:13:59:45 +0800] "GET /about.html HTTP/1.1" 200 820 "-" "Sogou web spider/4.0(+http://www.sogou.com/docs/help/webmasters.htm#07)"
10.0.0.57 - - [06/May/2026:11:40:04 +0800] "GET /press HTTP/1.1" 200 21979 "-" "Baiduspider+(+http://www.baidu.com/search/spider.htm)"
